gthr-default.h:229:1:int __gthread_key_delete(__gthread_key_t)	16	static
CAN.cpp:13:1:SolarGators::Drivers::CANDriver::CANDriver(CAN_HandleTypeDef&, uint32_t)	24	static
CAN.cpp:28:1:SolarGators::Drivers::CANDriver::~CANDriver()	16	static
CAN.cpp:28:1:virtual SolarGators::Drivers::CANDriver::~CANDriver()	16	static
CAN.cpp:31:6:void SolarGators::Drivers::CANDriver::HandleReceive()	72	static
CAN.cpp:53:6:void SolarGators::Drivers::CANDriver::Send(SolarGators::DataModules::DataModule*)	72	static
CAN.cpp:81:6:bool SolarGators::Drivers::CANDriver::AddRxModule(SolarGators::DataModules::DataModule*)	16	static
CAN.cpp:86:6:bool SolarGators::Drivers::CANDriver::RemoveRxModule(uint32_t)	16	static
CAN.cpp:92:6:void SolarGators::Drivers::CANDriver::SetRxFlag()	16	static
Map.hpp:76:3:SolarGators::Containers::Map<KEY_T, DATA_T, SIZE>::Map() [with KEY_T = short unsigned int; DATA_T = SolarGators::DataModules::DataModule; int SIZE = 5]	16	static
Map.hpp:213:11:DATA_T* SolarGators::Containers::Map<KEY_T, DATA_T, SIZE>::Find(KEY_T) [with KEY_T = short unsigned int; DATA_T = SolarGators::DataModules::DataModule; int SIZE = 5]	24	static
Map.hpp:82:8:bool SolarGators::Containers::Map<KEY_T, DATA_T, SIZE>::Insert(KEY_T, DATA_T*) [with KEY_T = short unsigned int; DATA_T = SolarGators::DataModules::DataModule; int SIZE = 5]	32	static
Map.hpp:227:44:SolarGators::Containers::Map<KEY_T, DATA_T, SIZE>::Node* SolarGators::Containers::Map<KEY_T, DATA_T, SIZE>::FindNode(SolarGators::Containers::Map<KEY_T, DATA_T, SIZE>::Node*, KEY_T) [with KEY_T = short unsigned int; DATA_T = SolarGators::DataModules::DataModule; int SIZE = 5]	24	static
Map.hpp:105:44:SolarGators::Containers::Map<KEY_T, DATA_T, SIZE>::Node* SolarGators::Containers::Map<KEY_T, DATA_T, SIZE>::AddNode(SolarGators::Containers::Map<KEY_T, DATA_T, SIZE>::Node*, SolarGators::Containers::Map<KEY_T, DATA_T, SIZE>::Node*) [with KEY_T = short unsigned int; DATA_T = SolarGators::DataModules::DataModule; int SIZE = 5]	40	static
Map.hpp:94:44:SolarGators::Containers::Map<KEY_T, DATA_T, SIZE>::Node* SolarGators::Containers::Map<KEY_T, DATA_T, SIZE>::NewNode(KEY_T, DATA_T*) [with KEY_T = short unsigned int; DATA_T = SolarGators::DataModules::DataModule; int SIZE = 5]	32	static
Map.hpp:251:12:uint32_t SolarGators::Containers::Map<KEY_T, DATA_T, SIZE>::Max(uint32_t, uint32_t) [with KEY_T = short unsigned int; DATA_T = SolarGators::DataModules::DataModule; int SIZE = 5]	24	static
Map.hpp:157:12:uint32_t SolarGators::Containers::Map<KEY_T, DATA_T, SIZE>::Height(SolarGators::Containers::Map<KEY_T, DATA_T, SIZE>::Node*) [with KEY_T = short unsigned int; DATA_T = SolarGators::DataModules::DataModule; int SIZE = 5]	16	static
Map.hpp:165:12:uint32_t SolarGators::Containers::Map<KEY_T, DATA_T, SIZE>::GetBalance(SolarGators::Containers::Map<KEY_T, DATA_T, SIZE>::Node*) [with KEY_T = short unsigned int; DATA_T = SolarGators::DataModules::DataModule; int SIZE = 5]	24	static
Map.hpp:193:44:SolarGators::Containers::Map<KEY_T, DATA_T, SIZE>::Node* SolarGators::Containers::Map<KEY_T, DATA_T, SIZE>::RightRotate(SolarGators::Containers::Map<KEY_T, DATA_T, SIZE>::Node*) [with KEY_T = short unsigned int; DATA_T = SolarGators::DataModules::DataModule; int SIZE = 5]	32	static
Map.hpp:173:44:SolarGators::Containers::Map<KEY_T, DATA_T, SIZE>::Node* SolarGators::Containers::Map<KEY_T, DATA_T, SIZE>::LeftRotate(SolarGators::Containers::Map<KEY_T, DATA_T, SIZE>::Node*) [with KEY_T = short unsigned int; DATA_T = SolarGators::DataModules::DataModule; int SIZE = 5]	32	static
