LCD.cpp:18:13:void Delay(long unsigned int)	16	static
LCD.cpp:22:1:LCD::~LCD()	16	static
LCD.cpp:22:1:virtual LCD::~LCD()	16	static
LCD.cpp:32:13:void LCD_reset()	8	static
LCD.cpp:54:13:void LCD::LCD_DrawRectangle(int16_t, int16_t, int16_t, int16_t, uint16_t)	48	static
LCD.cpp:83:13:void LCD::PutChar(uint16_t, uint16_t, uint8_t, uint16_t)	56	static
LCD.cpp:112:6:void LCD::LCD_Text(uint16_t, uint16_t, uint8_t*, uint16_t)	48	static
LCD.cpp:152:13:void LCD::LCD_Clear(uint16_t)	24	static
LCD.cpp:166:6:void LCD::LCD_SetPoint(uint16_t, uint16_t, uint16_t)	32	static
LCD.cpp:180:13:void LCD::LCD_Write_Data_Only(uint16_t)	16	static
LCD.cpp:194:13:void LCD::LCD_WriteData(uint16_t)	16	static
LCD.cpp:213:10:uint16_t LCD::LCD_ReadReg(uint16_t)	16	static
LCD.cpp:227:13:void LCD::LCD_WriteIndex(uint16_t)	16	static
LCD.cpp:247:16:uint8_t LCD::SPISendRecvByte(uint8_t)	40	static
LCD.cpp:262:13:void LCD::LCD_Write_Data_Start()	16	static
LCD.cpp:275:17:uint16_t LCD::LCD_ReadData()	32	static
LCD.cpp:298:13:void LCD::LCD_WriteReg(uint16_t, uint16_t)	16	static
LCD.cpp:313:13:void LCD::LCD_SetCursor(uint16_t, uint16_t)	16	static
LCD.cpp:327:1:LCD::LCD(SPI_HandleTypeDef*, bool)	24	static
LCD.cpp:418:17:uint16_t LCD::TP_ReadReg(uint8_t)	32	static
LCD.cpp:433:17:uint16_t avgClosestVals(uint16_t, uint16_t, uint16_t)	32	static
LCD.cpp:457:7:Point LCD::TP_ReadXY()	56	static
