std_function.h:298:7:) [with _Functor = void (*)(); _ArgTypes = {}]	8	static
std_function.h:196:2:static bool std::_Function_base::_Base_manager<_Functor>::_M_manager(std::_Any_data&, const std::_Any_data&, std::_Manager_operation) [with _Functor = void (*)()]	0	static
user.cpp:69:6:void UpdateTurnSignals()	8	static
user.cpp:95:6:void HandleEco()	8	static
user.cpp:100:6:void HandleHeadLights()	8	static
user.cpp:105:6:void HandleCruise()	8	static
user.cpp:110:6:void HandleReverse()	8	static
std_function.h:196:2:static bool std::_Function_base::_Base_manager<_Functor>::_M_manager(std::_Any_data&, const std::_Any_data&, std::_Manager_operation) [with _Functor = std::_Bind<void (SolarGators::DataModules::SteeringController::*(SolarGators::DataModules::SteeringController*))()>]	16	static
std_function.h:298:7:) [with _Functor = std::_Bind<void (SolarGators::DataModules::SteeringController::*(SolarGators::DataModules::SteeringController*))()>; _ArgTypes = {}]	8	static
std_function.h:257:5:std::_Function_base::~_Function_base()	8	static
user.cpp:85:6:void CPP_HandleGPIOInterrupt(uint16_t)	8	static
user.cpp:90:6:void CPP_HandleCANRxInterrupt()	8	static
move.h:182:5:typename std::enable_if<std::__and_<std::__not_<std::__is_tuple_like<_Tp> >, std::is_move_constructible<_Tp>, std::is_move_assignable<_Tp> >::value>::type std::swap(_Tp&, _Tp&) [with _Tp = std::_Any_data]	24	static
std_function.h:523:2:)>::operator=(_Functor&&) [with _Functor = std::_Bind<void (SolarGators::DataModules::SteeringController::*(SolarGators::DataModules::SteeringController*))()>; _Res = void; _ArgTypes = {}]	48	static
std_function.h:523:2:)>::operator=(_Functor&&) [with _Functor = void (&)(); _Res = void; _ArgTypes = {}]	24	static
user.cpp:114:1:cpp)	32	static
user.cpp:24:6:void CPP_UserSetup()	48	static
user.cpp:114:1:cpp)	8	static
