new:173:33:void* operator new(std::size_t, void*)	16	static
stl_tree.h:173:5:std::_Rb_tree_header::_Rb_tree_header()	16	static
stl_tree.h:206:5:void std::_Rb_tree_header::_M_reset()	16	static
gthr-default.h:229:1:int __gthread_key_delete(__gthread_key_t)	16	static
atomic_base.h:99:3:constexpr std::memory_order std::operator&(std::memory_order, std::__memory_order_modifier)	16	static
atomic:80:5:bool std::atomic<bool>::operator=(bool)	16	static
atomic:87:5:std::atomic<bool>::operator bool() const	32	static
std_function.h:255:5:std::_Function_base::_Function_base()	16	static
std_function.h:257:5:std::_Function_base::~_Function_base()	16	static
std_function.h:263:10:bool std::_Function_base::_M_empty() const	16	static
stl_tree.h:673:9:std::_Rb_tree<short unsigned int, std::pair<const short unsigned int, Button&>, std::_Select1st<std::pair<const short unsigned int, Button&> >, std::less<short unsigned int>, std::allocator<std::pair<const short unsigned int, Button&> > >::_Rb_tree_impl<std::less<short unsigned int>, true>::~_Rb_tree_impl()	16	static
stl_tree.h:939:7:std::_Rb_tree<_Key, _Val, _KeyOfValue, _Compare, _Alloc>::_Rb_tree() [with _Key = short unsigned int; _Val = std::pair<const short unsigned int, Button&>; _KeyOfValue = std::_Select1st<std::pair<const short unsigned int, Button&> >; _Compare = std::less<short unsigned int>; _Alloc = std::allocator<std::pair<const short unsigned int, Button&> >]	16	static
stl_map.h:183:7:std::map<_Key, _Tp, _Compare, _Alloc>::map() [with _Key = short unsigned int; _Tp = Button&; _Compare = std::less<short unsigned int>; _Alloc = std::allocator<std::pair<const short unsigned int, Button&> >]	16	static
Button.cpp:23:6:void Setup_Buttons()	32	static
Button.cpp:28:6:void CPP_Handle_Button(uint16_t)	32	static
std_function.h:369:11:std::function<void()>::~function()	16	static
Button.cpp:40:1:Button::Button(const char*, GPIO_TypeDef*, uint16_t, uint16_t)	48	static
Button.cpp:54:1:Button::~Button()	16	static
Button.cpp:59:15:GPIO_PinState Button::Read_Pin()	16	static
Button.cpp:64:6:void Button::Handle_Press()	16	static
Button.cpp:83:6:void Button::Debounce()	16	static
Button.cpp:88:6:void Button::Set_Pressed_Flag()	16	static
atomic_base.h:288:7:std::__atomic_base<_IntTp>::__int_type std::__atomic_base<_IntTp>::operator=(std::__atomic_base<_IntTp>::__int_type) [with _ITp = bool]	32	static
stl_tree.h:680:4:std::_Rb_tree<_Key, _Val, _KeyOfValue, _Compare, _Alloc>::_Rb_tree_impl<_Key_compare, <anonymous> >::_Rb_tree_impl() [with _Key_compare = std::less<short unsigned int>; bool <anonymous> = true; _Key = short unsigned int; _Val = std::pair<const short unsigned int, Button&>; _KeyOfValue = std::_Select1st<std::pair<const short unsigned int, Button&> >; _Compare = std::less<short unsigned int>; _Alloc = std::allocator<std::pair<const short unsigned int, Button&> >]	16	static
allocator.h:153:7:std::allocator< <template-parameter-1-1> >::~allocator() [with _Tp = std::_Rb_tree_node<std::pair<const short unsigned int, Button&> >]	16	static
stl_tree.h:994:7:std::_Rb_tree<_Key, _Val, _KeyOfValue, _Compare, _Alloc>::~_Rb_tree() [with _Key = short unsigned int; _Val = std::pair<const short unsigned int, Button&>; _KeyOfValue = std::_Select1st<std::pair<const short unsigned int, Button&> >; _Compare = std::less<short unsigned int>; _Alloc = std::allocator<std::pair<const short unsigned int, Button&> >]	16	static
stl_pair.h:311:18:constexpr std::pair<_T1, _T2>::pair(_U1&&, const _T2&) [with _U1 = short unsigned int&; typename std::enable_if<std::_PCC<true, _T1, _T2>::_MoveCopyPair<true, _U1, _T2>(), bool>::type <anonymous> = true; _T1 = short unsigned int; _T2 = Button&]	24	static
stl_map.h:814:2:std::__enable_if_t<std::is_constructible<std::pair<const _Key, _Tp>, _Pair>::value, std::pair<typename std::_Rb_tree<_Key, std::pair<const _Key, _Tp>, std::_Select1st<std::pair<const _Key, _Tp> >, _Compare, typename __gnu_cxx::__alloc_traits<_Alloc>::rebind<std::pair<const _Key, _Tp> >::other>::iterator, bool> > std::map<_Key, _Tp, _Compare, _Alloc>::insert(_Pair&&) [with _Pair = std::pair<short unsigned int, Button&>; _Key = short unsigned int; _Tp = Button&; _Compare = std::less<short unsigned int>; _Alloc = std::allocator<std::pair<const short unsigned int, Button&> >]	32	static
stl_map.h:1168:7:std::map<_Key, _Tp, _Compare, _Alloc>::iterator std::map<_Key, _Tp, _Compare, _Alloc>::find(const key_type&) [with _Key = short unsigned int; _Tp = Button&; _Compare = std::less<short unsigned int>; _Alloc = std::allocator<std::pair<const short unsigned int, Button&> >]	16	static
stl_map.h:372:7:std::map<_Key, _Tp, _Compare, _Alloc>::iterator std::map<_Key, _Tp, _Compare, _Alloc>::end() [with _Key = short unsigned int; _Tp = Button&; _Compare = std::less<short unsigned int>; _Alloc = std::allocator<std::pair<const short unsigned int, Button&> >]	16	static
stl_tree.h:319:7:bool std::operator!=(const _Self&, const _Self&)	16	static
stl_tree.h:281:7:_Tp* std::_Rb_tree_iterator<_Tp>::operator->() const [with _Tp = std::pair<const short unsigned int, Button&>]	16	static
std_function.h:396:7:)>::function() [with _Res = void; _ArgTypes = {}]	16	static
std_function.h:683:5:) const [with _Res = void; _ArgTypes = {}]	16	static
allocator.h:138:7:std::allocator< <template-parameter-1-1> >::allocator() [with _Tp = std::_Rb_tree_node<std::pair<const short unsigned int, Button&> >]	16	static
stl_tree.h:146:7:std::_Rb_tree_key_compare<_Key_compare>::_Rb_tree_key_compare() [with _Key_compare = std::less<short unsigned int>]	16	static
new_allocator.h:89:7:__gnu_cxx::new_allocator<_Tp>::~new_allocator() [with _Tp = std::_Rb_tree_node<std::pair<const short unsigned int, Button&> >]	16	static
stl_tree.h:1907:5:void std::_Rb_tree<_Key, _Val, _KeyOfValue, _Compare, _Alloc>::_M_erase(std::_Rb_tree<_Key, _Val, _KeyOfValue, _Compare, _Alloc>::_Link_type) [with _Key = short unsigned int; _Val = std::pair<const short unsigned int, Button&>; _KeyOfValue = std::_Select1st<std::pair<const short unsigned int, Button&> >; _Compare = std::less<short unsigned int>; _Alloc = std::allocator<std::pair<const short unsigned int, Button&> >]	24	static
stl_tree.h:744:7:std::_Rb_tree_node<_Val>* std::_Rb_tree<_Key, _Val, _KeyOfValue, _Compare, _Alloc>::_M_begin() [with _Key = short unsigned int; _Val = std::pair<const short unsigned int, Button&>; _KeyOfValue = std::_Select1st<std::pair<const short unsigned int, Button&> >; _Compare = std::less<short unsigned int>; _Alloc = std::allocator<std::pair<const short unsigned int, Button&> >]	16	static
move.h:74:5:constexpr _Tp&& std::forward(typename std::remove_reference<_Tp>::type&) [with _Tp = short unsigned int&]	16	static
move.h:74:5:constexpr _Tp&& std::forward(typename std::remove_reference<_Tp>::type&) [with _Tp = std::pair<short unsigned int, Button&>]	16	static
stl_tree.h:2405:7:) [with _Args = {std::pair<short unsigned int, Button&>}; _Key = short unsigned int; _Val = std::pair<const short unsigned int, Button&>; _KeyOfValue = std::_Select1st<std::pair<const short unsigned int, Button&> >; _Compare = std::less<short unsigned int>; _Alloc = std::allocator<std::pair<const short unsigned int, Button&> >]	64	static
stl_tree.h:2554:5:std::_Rb_tree<_Key, _Val, _KeyOfValue, _Compare, _Alloc>::iterator std::_Rb_tree<_Key, _Val, _KeyOfValue, _Compare, _Alloc>::find(const _Key&) [with _Key = short unsigned int; _Val = std::pair<const short unsigned int, Button&>; _KeyOfValue = std::_Select1st<std::pair<const short unsigned int, Button&> >; _Compare = std::less<short unsigned int>; _Alloc = std::allocator<std::pair<const short unsigned int, Button&> >]	32	static
stl_tree.h:1014:7:std::_Rb_tree<_Key, _Val, _KeyOfValue, _Compare, _Alloc>::iterator std::_Rb_tree<_Key, _Val, _KeyOfValue, _Compare, _Alloc>::end() [with _Key = short unsigned int; _Val = std::pair<const short unsigned int, Button&>; _KeyOfValue = std::_Select1st<std::pair<const short unsigned int, Button&> >; _Compare = std::less<short unsigned int>; _Alloc = std::allocator<std::pair<const short unsigned int, Button&> >]	24	static
stl_tree.h:234:7:_Val* std::_Rb_tree_node<_Val>::_M_valptr() [with _Val = std::pair<const short unsigned int, Button&>]	16	static
new_allocator.h:80:7:__gnu_cxx::new_allocator<_Tp>::new_allocator() [with _Tp = std::_Rb_tree_node<std::pair<const short unsigned int, Button&> >]	16	static
stl_tree.h:797:7:static std::_Rb_tree_node<_Val>* std::_Rb_tree<_Key, _Val, _KeyOfValue, _Compare, _Alloc>::_S_right(std::_Rb_tree<_Key, _Val, _KeyOfValue, _Compare, _Alloc>::_Base_ptr) [with _Key = short unsigned int; _Val = std::pair<const short unsigned int, Button&>; _KeyOfValue = std::_Select1st<std::pair<const short unsigned int, Button&> >; _Compare = std::less<short unsigned int>; _Alloc = std::allocator<std::pair<const short unsigned int, Button&> >]	16	static
stl_tree.h:789:7:static std::_Rb_tree_node<_Val>* std::_Rb_tree<_Key, _Val, _KeyOfValue, _Compare, _Alloc>::_S_left(std::_Rb_tree<_Key, _Val, _KeyOfValue, _Compare, _Alloc>::_Base_ptr) [with _Key = short unsigned int; _Val = std::pair<const short unsigned int, Button&>; _KeyOfValue = std::_Select1st<std::pair<const short unsigned int, Button&> >; _Compare = std::less<short unsigned int>; _Alloc = std::allocator<std::pair<const short unsigned int, Button&> >]	16	static
stl_tree.h:648:7:void std::_Rb_tree<_Key, _Val, _KeyOfValue, _Compare, _Alloc>::_M_drop_node(std::_Rb_tree<_Key, _Val, _KeyOfValue, _Compare, _Alloc>::_Link_type) [with _Key = short unsigned int; _Val = std::pair<const short unsigned int, Button&>; _KeyOfValue = std::_Select1st<std::pair<const short unsigned int, Button&> >; _Compare = std::less<short unsigned int>; _Alloc = std::allocator<std::pair<const short unsigned int, Button&> >]	16	static
stl_tree.h:628:2:) [with _Args = {std::pair<short unsigned int, Button&>}; _Key = short unsigned int; _Val = std::pair<const short unsigned int, Button&>; _KeyOfValue = std::_Select1st<std::pair<const short unsigned int, Button&> >; _Compare = std::less<short unsigned int>; _Alloc = std::allocator<std::pair<const short unsigned int, Button&> >]	24	static
stl_tree.h:2085:5:std::pair<std::_Rb_tree_node_base*, std::_Rb_tree_node_base*> std::_Rb_tree<_Key, _Val, _KeyOfValue, _Compare, _Alloc>::_M_get_insert_unique_pos(const key_type&) [with _Key = short unsigned int; _Val = std::pair<const short unsigned int, Button&>; _KeyOfValue = std::_Select1st<std::pair<const short unsigned int, Button&> >; _Compare = std::less<short unsigned int>; _Alloc = std::allocator<std::pair<const short unsigned int, Button&> >]	64	static
stl_tree.h:767:7:static const _Key& std::_Rb_tree<_Key, _Val, _KeyOfValue, _Compare, _Alloc>::_S_key(std::_Rb_tree<_Key, _Val, _KeyOfValue, _Compare, _Alloc>::_Const_Link_type) [with _Key = short unsigned int; _Val = std::pair<const short unsigned int, Button&>; _KeyOfValue = std::_Select1st<std::pair<const short unsigned int, Button&> >; _Compare = std::less<short unsigned int>; _Alloc = std::allocator<std::pair<const short unsigned int, Button&> >]	24	static
stl_tree.h:2354:5:std::_Rb_tree<_Key, _Val, _KeyOfValue, _Compare, _Alloc>::iterator std::_Rb_tree<_Key, _Val, _KeyOfValue, _Compare, _Alloc>::_M_insert_node(std::_Rb_tree<_Key, _Val, _KeyOfValue, _Compare, _Alloc>::_Base_ptr, std::_Rb_tree<_Key, _Val, _KeyOfValue, _Compare, _Alloc>::_Base_ptr, std::_Rb_tree<_Key, _Val, _KeyOfValue, _Compare, _Alloc>::_Link_type) [with _Key = short unsigned int; _Val = std::pair<const short unsigned int, Button&>; _KeyOfValue = std::_Select1st<std::pair<const short unsigned int, Button&> >; _Compare = std::less<short unsigned int>; _Alloc = std::allocator<std::pair<const short unsigned int, Button&> >]	40	static
stl_pair.h:341:12:constexpr std::pair<_T1, _T2>::pair(_U1&&, _U2&&) [with _U1 = std::_Rb_tree_iterator<std::pair<const short unsigned int, Button&> >; _U2 = bool; typename std::enable_if<(std::_PCC<true, _T1, _T2>::_MoveConstructiblePair<_U1, _U2>() && std::_PCC<true, _T1, _T2>::_ImplicitlyMoveConvertiblePair<_U1, _U2>()), bool>::type <anonymous> = true; _T1 = std::_Rb_tree_iterator<std::pair<const short unsigned int, Button&> >; _T2 = bool]	24	static
stl_tree.h:273:7:std::_Rb_tree_iterator<_Tp>::_Rb_tree_iterator(std::_Rb_tree_iterator<_Tp>::_Base_ptr) [with _Tp = std::pair<const short unsigned int, Button&>]	16	static
stl_tree.h:755:7:std::_Rb_tree_node_base* std::_Rb_tree<_Key, _Val, _KeyOfValue, _Compare, _Alloc>::_M_end() [with _Key = short unsigned int; _Val = std::pair<const short unsigned int, Button&>; _KeyOfValue = std::_Select1st<std::pair<const short unsigned int, Button&> >; _Compare = std::less<short unsigned int>; _Alloc = std::allocator<std::pair<const short unsigned int, Button&> >]	16	static
stl_tree.h:1924:5:std::_Rb_tree<_Key, _Val, _KeyOfValue, _Compare, _Alloc>::iterator std::_Rb_tree<_Key, _Val, _KeyOfValue, _Compare, _Alloc>::_M_lower_bound(std::_Rb_tree<_Key, _Val, _KeyOfValue, _Compare, _Alloc>::_Link_type, std::_Rb_tree<_Key, _Val, _KeyOfValue, _Compare, _Alloc>::_Base_ptr, const _Key&) [with _Key = short unsigned int; _Val = std::pair<const short unsigned int, Button&>; _KeyOfValue = std::_Select1st<std::pair<const short unsigned int, Button&> >; _Compare = std::less<short unsigned int>; _Alloc = std::allocator<std::pair<const short unsigned int, Button&> >]	40	static
stl_tree.h:315:7:bool std::operator==(const _Self&, const _Self&)	16	static
stl_tree.h:809:7:static const _Key& std::_Rb_tree<_Key, _Val, _KeyOfValue, _Compare, _Alloc>::_S_key(std::_Rb_tree<_Key, _Val, _KeyOfValue, _Compare, _Alloc>::_Const_Base_ptr) [with _Key = short unsigned int; _Val = std::pair<const short unsigned int, Button&>; _KeyOfValue = std::_Select1st<std::pair<const short unsigned int, Button&> >; _Compare = std::less<short unsigned int>; _Alloc = std::allocator<std::pair<const short unsigned int, Button&> >]	16	static
stl_function.h:385:7:constexpr bool std::less<_Tp>::operator()(const _Tp&, const _Tp&) const [with _Tp = short unsigned int]	24	static
aligned_buffer.h:72:7:_Tp* __gnu_cxx::__aligned_membuf<_Tp>::_M_ptr() [with _Tp = std::pair<const short unsigned int, Button&>]	16	static
stl_tree.h:637:7:void std::_Rb_tree<_Key, _Val, _KeyOfValue, _Compare, _Alloc>::_M_destroy_node(std::_Rb_tree<_Key, _Val, _KeyOfValue, _Compare, _Alloc>::_Link_type) [with _Key = short unsigned int; _Val = std::pair<const short unsigned int, Button&>; _KeyOfValue = std::_Select1st<std::pair<const short unsigned int, Button&> >; _Compare = std::less<short unsigned int>; _Alloc = std::allocator<std::pair<const short unsigned int, Button&> >]	24	static
stl_tree.h:583:7:void std::_Rb_tree<_Key, _Val, _KeyOfValue, _Compare, _Alloc>::_M_put_node(std::_Rb_tree<_Key, _Val, _KeyOfValue, _Compare, _Alloc>::_Link_type) [with _Key = short unsigned int; _Val = std::pair<const short unsigned int, Button&>; _KeyOfValue = std::_Select1st<std::pair<const short unsigned int, Button&> >; _Compare = std::less<short unsigned int>; _Alloc = std::allocator<std::pair<const short unsigned int, Button&> >]	16	static
stl_tree.h:579:7:std::_Rb_tree_node<_Val>* std::_Rb_tree<_Key, _Val, _KeyOfValue, _Compare, _Alloc>::_M_get_node() [with _Key = short unsigned int; _Val = std::pair<const short unsigned int, Button&>; _KeyOfValue = std::_Select1st<std::pair<const short unsigned int, Button&> >; _Compare = std::less<short unsigned int>; _Alloc = std::allocator<std::pair<const short unsigned int, Button&> >]	16	static
stl_tree.h:609:2:) [with _Args = {std::pair<short unsigned int, Button&>}; _Key = short unsigned int; _Val = std::pair<const short unsigned int, Button&>; _KeyOfValue = std::_Select1st<std::pair<const short unsigned int, Button&> >; _Compare = std::less<short unsigned int>; _Alloc = std::allocator<std::pair<const short unsigned int, Button&> >]	32	static
stl_tree.h:1006:7:std::_Rb_tree<_Key, _Val, _KeyOfValue, _Compare, _Alloc>::iterator std::_Rb_tree<_Key, _Val, _KeyOfValue, _Compare, _Alloc>::begin() [with _Key = short unsigned int; _Val = std::pair<const short unsigned int, Button&>; _KeyOfValue = std::_Select1st<std::pair<const short unsigned int, Button&> >; _Compare = std::less<short unsigned int>; _Alloc = std::allocator<std::pair<const short unsigned int, Button&> >]	24	static
stl_pair.h:341:12:constexpr std::pair<_T1, _T2>::pair(_U1&&, _U2&&) [with _U1 = std::_Rb_tree_node<std::pair<const short unsigned int, Button&> >*&; _U2 = std::_Rb_tree_node_base*&; typename std::enable_if<(std::_PCC<true, _T1, _T2>::_MoveConstructiblePair<_U1, _U2>() && std::_PCC<true, _T1, _T2>::_ImplicitlyMoveConvertiblePair<_U1, _U2>()), bool>::type <anonymous> = true; _T1 = std::_Rb_tree_node_base*; _T2 = std::_Rb_tree_node_base*]	24	static
stl_tree.h:300:7:std::_Rb_tree_iterator<_Tp>::_Self& std::_Rb_tree_iterator<_Tp>::operator--() [with _Tp = std::pair<const short unsigned int, Button&>]	16	static
stl_pair.h:311:18:constexpr std::pair<_T1, _T2>::pair(_U1&&, const _T2&) [with _U1 = std::_Rb_tree_node_base*&; typename std::enable_if<std::_PCC<true, _T1, _T2>::_MoveCopyPair<true, _U1, _T2>(), bool>::type <anonymous> = true; _T1 = std::_Rb_tree_node_base*; _T2 = std::_Rb_tree_node_base*]	24	static
stl_tree.h:238:7:const _Val* std::_Rb_tree_node<_Val>::_M_valptr() const [with _Val = std::pair<const short unsigned int, Button&>]	16	static
stl_function.h:1155:7:const typename _Pair::first_type& std::_Select1st<_Pair>::operator()(const _Pair&) const [with _Pair = std::pair<const short unsigned int, Button&>]	16	static
move.h:74:5:constexpr _Tp&& std::forward(typename std::remove_reference<_Tp>::type&) [with _Tp = std::_Rb_tree_iterator<std::pair<const short unsigned int, Button&> >]	16	static
move.h:74:5:constexpr _Tp&& std::forward(typename std::remove_reference<_Tp>::type&) [with _Tp = bool]	16	static
aligned_buffer.h:64:7:void* __gnu_cxx::__aligned_membuf<_Tp>::_M_addr() [with _Tp = std::pair<const short unsigned int, Button&>]	16	static
stl_tree.h:566:7:std::_Rb_tree<_Key, _Val, _KeyOfValue, _Compare, _Alloc>::_Node_allocator& std::_Rb_tree<_Key, _Val, _KeyOfValue, _Compare, _Alloc>::_M_get_Node_allocator() [with _Key = short unsigned int; _Val = std::pair<const short unsigned int, Button&>; _KeyOfValue = std::_Select1st<std::pair<const short unsigned int, Button&> >; _Compare = std::less<short unsigned int>; _Alloc = std::allocator<std::pair<const short unsigned int, Button&> >]	16	static
alloc_traits.h:495:2:static void std::allocator_traits<std::allocator<_Tp1> >::destroy(std::allocator_traits<std::allocator<_Tp1> >::allocator_type&, _Up*) [with _Up = std::pair<const short unsigned int, Button&>; _Tp = std::_Rb_tree_node<std::pair<const short unsigned int, Button&> >]	16	static
alloc_traits.h:469:7:static void std::allocator_traits<std::allocator<_Tp1> >::deallocate(std::allocator_traits<std::allocator<_Tp1> >::allocator_type&, std::allocator_traits<std::allocator<_Tp1> >::pointer, std::allocator_traits<std::allocator<_Tp1> >::size_type) [with _Tp = std::_Rb_tree_node<std::pair<const short unsigned int, Button&> >]	24	static
alloc_traits.h:443:7:static _Tp* std::allocator_traits<std::allocator<_Tp1> >::allocate(std::allocator_traits<std::allocator<_Tp1> >::allocator_type&, std::allocator_traits<std::allocator<_Tp1> >::size_type) [with _Tp = std::_Rb_tree_node<std::pair<const short unsigned int, Button&> >]	16	static
alloc_traits.h:482:2:) [with _Up = std::pair<const short unsigned int, Button&>; _Args = {std::pair<short unsigned int, Button&>}; _Tp = std::_Rb_tree_node<std::pair<const short unsigned int, Button&> >]	24	static
move.h:74:5:constexpr _Tp&& std::forward(typename std::remove_reference<_Tp>::type&) [with _Tp = std::_Rb_tree_node<std::pair<const short unsigned int, Button&> >*&]	16	static
move.h:74:5:constexpr _Tp&& std::forward(typename std::remove_reference<_Tp>::type&) [with _Tp = std::_Rb_tree_node_base*&]	16	static
aligned_buffer.h:76:7:const _Tp* __gnu_cxx::__aligned_membuf<_Tp>::_M_ptr() const [with _Tp = std::pair<const short unsigned int, Button&>]	16	static
new_allocator.h:151:2:void __gnu_cxx::new_allocator<_Tp>::destroy(_Up*) [with _Up = std::pair<const short unsigned int, Button&>; _Tp = std::_Rb_tree_node<std::pair<const short unsigned int, Button&> >]	16	static
new_allocator.h:119:7:void __gnu_cxx::new_allocator<_Tp>::deallocate(__gnu_cxx::new_allocator<_Tp>::pointer, __gnu_cxx::new_allocator<_Tp>::size_type) [with _Tp = std::_Rb_tree_node<std::pair<const short unsigned int, Button&> >]	24	static
new_allocator.h:102:7:_Tp* __gnu_cxx::new_allocator<_Tp>::allocate(__gnu_cxx::new_allocator<_Tp>::size_type, const void*) [with _Tp = std::_Rb_tree_node<std::pair<const short unsigned int, Button&> >]	24	static
new_allocator.h:144:2:) [with _Up = std::pair<const short unsigned int, Button&>; _Args = {std::pair<short unsigned int, Button&>}; _Tp = std::_Rb_tree_node<std::pair<const short unsigned int, Button&> >]	32	static
aligned_buffer.h:68:7:const void* __gnu_cxx::__aligned_membuf<_Tp>::_M_addr() const [with _Tp = std::pair<const short unsigned int, Button&>]	16	static
new_allocator.h:132:7:__gnu_cxx::new_allocator<_Tp>::size_type __gnu_cxx::new_allocator<_Tp>::max_size() const [with _Tp = std::_Rb_tree_node<std::pair<const short unsigned int, Button&> >]	16	static
stl_pair.h:360:12:constexpr std::pair<_T1, _T2>::pair(std::pair<_U1, _U2>&&) [with _U1 = short unsigned int; _U2 = Button&; typename std::enable_if<(std::_PCC<((! std::is_same<_T1, _U1>::value) || (! std::is_same<_T2, _U2>::value)), _T1, _T2>::_MoveConstructiblePair<_U1, _U2>() && std::_PCC<((! std::is_same<_T1, _U1>::value) || (! std::is_same<_T2, _U2>::value)), _T1, _T2>::_ImplicitlyMoveConvertiblePair<_U1, _U2>()), bool>::type <anonymous> = true; _T1 = const short unsigned int; _T2 = Button&]	16	static
move.h:74:5:constexpr _Tp&& std::forward(typename std::remove_reference<_Tp>::type&) [with _Tp = short unsigned int]	16	static
move.h:74:5:constexpr _Tp&& std::forward(typename std::remove_reference<_Tp>::type&) [with _Tp = Button&]	16	static
stl_map.h:300:7:std::map<_Key, _Tp, _Compare, _Alloc>::~map() [with _Key = short unsigned int; _Tp = Button&; _Compare = std::less<short unsigned int>; _Alloc = std::allocator<std::pair<const short unsigned int, Button&> >]	16	static
Button.cpp:92:1:void __static_initialization_and_destruction_0(int, int)	32	static
Button.cpp:92:1:cpp)	8	static
Button.cpp:92:1:cpp)	8	static
