new:173:33:void* operator new(std::size_t, void*)	16	static
gthr-default.h:229:1:int __gthread_key_delete(__gthread_key_t)	16	static
std_function.h:87:17:void* std::_Any_data::_M_access()	16	static
std_function.h:88:17:const void* std::_Any_data::_M_access() const	16	static
std_function.h:255:5:std::_Function_base::_Function_base()	16	static
std_function.h:257:5:std::_Function_base::~_Function_base()	16	static
user.cpp:43:6:void CPP_UserSetup()	208	static
user.cpp:102:6:void UpdateSignals()	8	static
user.cpp:121:6:void UpdateUI()	48	static
user.cpp:146:6:void SendCanMsgs()	8	static
user.cpp:153:6:void CPP_HandleGPIOInterrupt(uint16_t)	16	static
user.cpp:158:6:void HAL_CAN_RxFifo0MsgPendingCallback(CAN_HandleTypeDef*)	16	static
user.cpp:164:6:void HandleEco()	8	static
user.cpp:169:6:void HandleHeadLights()	8	static
user.cpp:174:6:void HandleCruise()	8	static
user.cpp:179:6:void HandleReverse()	8	static
functional:808:5:) [with _Func = void (SolarGators::DataModules::SteeringController::*)(); _BoundArgs = {SolarGators::DataModules::SteeringController*}]	32	static
std_function.h:369:11:std::function<void()>::~function()	16	static
std_function.h:523:2:)>::operator=(_Functor&&) [with _Functor = std::_Bind<void (SolarGators::DataModules::SteeringController::*(SolarGators::DataModules::SteeringController*))()>; _Res = void; _ArgTypes = {}]	56	static
std_function.h:523:2:)>::operator=(_Functor&&) [with _Functor = void (&)(); _Res = void; _ArgTypes = {}]	40	static
move.h:74:5:constexpr _Tp&& std::forward(typename std::remove_reference<_Tp>::type&) [with _Tp = void (SolarGators::DataModules::SteeringController::*)()]	16	static
move.h:74:5:constexpr _Tp&& std::forward(typename std::remove_reference<_Tp>::type&) [with _Tp = SolarGators::DataModules::SteeringController*]	16	static
functional:466:11:) [with _Args = {SolarGators::DataModules::SteeringController*}; _Functor = void (SolarGators::DataModules::SteeringController::*)(); _Bound_args = {SolarGators::DataModules::SteeringController*}]	32	static
tuple:642:17:constexpr std::tuple<_Elements>::tuple(std::tuple<_Elements>&&) [with _Elements = {SolarGators::DataModules::SteeringController*}]	16	static
functional:472:7:)>&&) [with _Functor = void (SolarGators::DataModules::SteeringController::*)(); _Bound_args = {SolarGators::DataModules::SteeringController*}]	24	static
move.h:74:5:constexpr _Tp&& std::forward(typename std::remove_reference<_Tp>::type&) [with _Tp = std::_Bind<void (SolarGators::DataModules::SteeringController::*(SolarGators::DataModules::SteeringController*))()>]	16	static
std_function.h:667:7:)>::function(_Functor) [with _Functor = std::_Bind<void (SolarGators::DataModules::SteeringController::*(SolarGators::DataModules::SteeringController*))()>; <template-parameter-2-2> = void; <template-parameter-2-3> = void; _Res = void; _ArgTypes = {}]	24	static
std_function.h:547:12:)>&) [with _Res = void; _ArgTypes = {}]	16	static
move.h:74:5:constexpr _Tp&& std::forward(typename std::remove_reference<_Tp>::type&) [with _Tp = void (&)()]	16	static
std_function.h:667:7:)>::function(_Functor) [with _Functor = void (*)(); <template-parameter-2-2> = void; <template-parameter-2-3> = void; _Res = void; _ArgTypes = {}]	24	static
move.h:99:5:constexpr typename std::remove_reference<_Tp>::type&& std::move(_Tp&&) [with _Tp = void (SolarGators::DataModules::SteeringController::*&)()]	16	static
tuple:626:19: (_Elements) >= 1)), bool>::type <anonymous> = true; _Elements = {SolarGators::DataModules::SteeringController*}]	24	static
move.h:99:5:constexpr typename std::remove_reference<_Tp>::type&& std::move(_Tp&&) [with _Tp = std::tuple<SolarGators::DataModules::SteeringController*>&]	16	static
tuple:358:7:constexpr std::_Tuple_impl<_Idx, _Head>::_Tuple_impl(std::_Tuple_impl<_Idx, _Head>&&) [with unsigned int _Idx = 0; _Head = SolarGators::DataModules::SteeringController*]	24	static
std_function.h:242:4:static bool std::_Function_base::_Base_manager<_Functor>::_M_not_empty_function(const _Tp&) [with _Tp = std::_Bind<void (SolarGators::DataModules::SteeringController::*(SolarGators::DataModules::SteeringController*))()>; _Functor = std::_Bind<void (SolarGators::DataModules::SteeringController::*(SolarGators::DataModules::SteeringController*))()>]	16	static
move.h:99:5:constexpr typename std::remove_reference<_Tp>::type&& std::move(_Tp&&) [with _Tp = std::_Bind<void (SolarGators::DataModules::SteeringController::*(SolarGators::DataModules::SteeringController*))()>&]	16	static
std_function.h:222:2:static void std::_Function_base::_Base_manager<_Functor>::_M_init_functor(std::_Any_data&, _Functor&&) [with _Functor = std::_Bind<void (SolarGators::DataModules::SteeringController::*(SolarGators::DataModules::SteeringController*))()>]	32	static
std_function.h:298:7:) [with _Functor = std::_Bind<void (SolarGators::DataModules::SteeringController::*(SolarGators::DataModules::SteeringController*))()>; _ArgTypes = {}]	16	static
std_function.h:196:2:static bool std::_Function_base::_Base_manager<_Functor>::_M_manager(std::_Any_data&, const std::_Any_data&, std::_Manager_operation) [with _Functor = std::_Bind<void (SolarGators::DataModules::SteeringController::*(SolarGators::DataModules::SteeringController*))()>]	40	static
move.h:99:5:constexpr typename std::remove_reference<_Tp>::type&& std::move(_Tp&&) [with _Tp = std::_Any_data&]	16	static
move.h:182:5:typename std::enable_if<std::__and_<std::__not_<std::__is_tuple_like<_Tp> >, std::is_move_constructible<_Tp>, std::is_move_assignable<_Tp> >::value>::type std::swap(_Tp&, _Tp&) [with _Tp = std::_Any_data]	32	static
move.h:99:5:constexpr typename std::remove_reference<_Tp>::type&& std::move(_Tp&&) [with _Tp = bool (*&)(std::_Any_data&, const std::_Any_data&, std::_Manager_operation)]	16	static
move.h:182:5:typename std::enable_if<std::__and_<std::__not_<std::__is_tuple_like<_Tp> >, std::is_move_constructible<_Tp>, std::is_move_assignable<_Tp> >::value>::type std::swap(_Tp&, _Tp&) [with _Tp = bool (*)(std::_Any_data&, const std::_Any_data&, std::_Manager_operation)]	24	static
move.h:99:5:constexpr typename std::remove_reference<_Tp>::type&& std::move(_Tp&&) [with _Tp = void (*&)(const std::_Any_data&)]	16	static
move.h:182:5:typename std::enable_if<std::__and_<std::__not_<std::__is_tuple_like<_Tp> >, std::is_move_constructible<_Tp>, std::is_move_assignable<_Tp> >::value>::type std::swap(_Tp&, _Tp&) [with _Tp = void (*)(const std::_Any_data&)]	24	static
std_function.h:232:4:static bool std::_Function_base::_Base_manager<_Functor>::_M_not_empty_function(_Tp*) [with _Tp = void(); _Functor = void (*)()]	16	static
move.h:99:5:constexpr typename std::remove_reference<_Tp>::type&& std::move(_Tp&&) [with _Tp = void (*&)()]	16	static
std_function.h:222:2:static void std::_Function_base::_Base_manager<_Functor>::_M_init_functor(std::_Any_data&, _Functor&&) [with _Functor = void (*)()]	32	static
std_function.h:298:7:) [with _Functor = void (*)(); _ArgTypes = {}]	16	static
std_function.h:196:2:static bool std::_Function_base::_Base_manager<_Functor>::_M_manager(std::_Any_data&, const std::_Any_data&, std::_Manager_operation) [with _Functor = void (*)()]	40	static
tuple:348:19:constexpr std::_Tuple_impl<_Idx, _Head>::_Tuple_impl(_UHead&&) [with _UHead = SolarGators::DataModules::SteeringController*; unsigned int _Idx = 0; _Head = SolarGators::DataModules::SteeringController*]	24	static
tuple:334:7:static constexpr _Head& std::_Tuple_impl<_Idx, _Head>::_M_head(std::_Tuple_impl<_Idx, _Head>&) [with unsigned int _Idx = 0; _Head = SolarGators::DataModules::SteeringController*]	16	static
tuple:132:19:constexpr std::_Head_base<_Idx, _Head, false>::_Head_base(_UHead&&) [with _UHead = SolarGators::DataModules::SteeringController*; unsigned int _Idx = 0; _Head = SolarGators::DataModules::SteeringController*]	16	static
std_function.h:251:2:static void std::_Function_base::_Base_manager<_Functor>::_M_init_functor(std::_Any_data&, _Functor&&, std::false_type) [with _Functor = std::_Bind<void (SolarGators::DataModules::SteeringController::*(SolarGators::DataModules::SteeringController*))()>]	32	static
std_function.h:151:2:static _Functor* std::_Function_base::_Base_manager<_Functor>::_M_get_pointer(const std::_Any_data&) [with _Functor = std::_Bind<void (SolarGators::DataModules::SteeringController::*(SolarGators::DataModules::SteeringController*))()>]	16	static
functional:480:2:) [with _Args = {}; _Result = void; _Functor = void (SolarGators::DataModules::SteeringController::*)(); _Bound_args = {SolarGators::DataModules::SteeringController*}]	32	static
std_function.h:92:7:_Tp& std::_Any_data::_M_access() [with _Tp = std::_Bind<void (SolarGators::DataModules::SteeringController::*(SolarGators::DataModules::SteeringController*))()>*]	16	static
std_function.h:173:2:static void std::_Function_base::_Base_manager<_Functor>::_M_clone(std::_Any_data&, const std::_Any_data&, std::false_type) [with _Functor = std::_Bind<void (SolarGators::DataModules::SteeringController::*(SolarGators::DataModules::SteeringController*))()>]	32	static
std_function.h:189:2:static void std::_Function_base::_Base_manager<_Functor>::_M_destroy(std::_Any_data&, std::false_type) [with _Functor = std::_Bind<void (SolarGators::DataModules::SteeringController::*(SolarGators::DataModules::SteeringController*))()>]	16	static
std_function.h:247:2:static void std::_Function_base::_Base_manager<_Functor>::_M_init_functor(std::_Any_data&, _Functor&&, std::true_type) [with _Functor = void (*)()]	32	static
std_function.h:151:2:static _Functor* std::_Function_base::_Base_manager<_Functor>::_M_get_pointer(const std::_Any_data&) [with _Functor = void (*)()]	24	static
std_function.h:92:7:_Tp& std::_Any_data::_M_access() [with _Tp = void (**)()]	16	static
std_function.h:165:2:static void std::_Function_base::_Base_manager<_Functor>::_M_clone(std::_Any_data&, const std::_Any_data&, std::true_type) [with _Functor = void (*)()]	32	static
std_function.h:182:2:static void std::_Function_base::_Base_manager<_Functor>::_M_destroy(std::_Any_data&, std::true_type) [with _Functor = void (*)()]	16	static
tuple:160:7:static constexpr _Head& std::_Head_base<_Idx, _Head, false>::_M_head(std::_Head_base<_Idx, _Head, false>&) [with unsigned int _Idx = 0; _Head = SolarGators::DataModules::SteeringController*]	16	static
std_function.h:97:7:const _Tp& std::_Any_data::_M_access() const [with _Tp = std::_Bind<void (SolarGators::DataModules::SteeringController::*(SolarGators::DataModules::SteeringController*))()>*]	16	static
tuple:1482:5:) [with _Elements = {}]	8	static
functional:398:2:_Indexes = {0}; _Functor = void (SolarGators::DataModules::SteeringController::*)(); _Bound_args = {SolarGators::DataModules::SteeringController*}]	40	static
std_function.h:97:7:const _Tp& std::_Any_data::_M_access() const [with _Tp = const std::_Bind<void (SolarGators::DataModules::SteeringController::*(SolarGators::DataModules::SteeringController*))()>*]	16	static
std_function.h:97:7:const _Tp& std::_Any_data::_M_access() const [with _Tp = void (*)()]	16	static
move.h:47:5:constexpr _Tp* std::__addressof(_Tp&) [with _Tp = void (* const)()]	16	static
std_function.h:92:7:_Tp& std::_Any_data::_M_access() [with _Tp = void (*)()]	16	static
tuple:1320:5:>&) [with unsigned int __i = 0; _Elements = {SolarGators::DataModules::SteeringController*}]	16	static
functional:363:2:_CVArg&& std::_Mu<_Arg, false, false>::operator()(_CVArg&&, _Tuple&) const volatile [with _CVArg = SolarGators::DataModules::SteeringController*&; _Tuple = std::tuple<>; _Arg = SolarGators::DataModules::SteeringController*]	24	static
invoke.h:89:5:) [with _Callable = void (SolarGators::DataModules::SteeringController::*&)(); _Args = {SolarGators::DataModules::SteeringController*&}]	32	static
tuple:1309:5:>&) [with unsigned int __i = 0; _Head = SolarGators::DataModules::SteeringController*; _Tail = {}]	16	static
move.h:74:5:constexpr _Tp&& std::forward(typename std::remove_reference<_Tp>::type&) [with _Tp = SolarGators::DataModules::SteeringController*&]	16	static
move.h:74:5:constexpr _Tp&& std::forward(typename std::remove_reference<_Tp>::type&) [with _Tp = void (SolarGators::DataModules::SteeringController::*&)()]	16	static
invoke.h:70:5:) [with _Res = void; _MemFun = void (SolarGators::DataModules::SteeringController::*&)(); _Tp = SolarGators::DataModules::SteeringController*&; _Args = {}]	24	static
user.cpp:183:1:void __static_initialization_and_destruction_0(int, int)	32	static
user.cpp:183:1:cpp)	8	static
user.cpp:183:1:cpp)	8	static
