DataModule.hpp:19:3:SolarGators::DataModules::DataModule::DataModule(uint32_t, uint16_t, uint32_t, uint16_t, bool, bool)	24	static
DataModule.hpp:24:11:SolarGators::DataModules::DataModule::~DataModule()	16	static
DataModule.hpp:24:11:virtual SolarGators::DataModules::DataModule::~DataModule()	16	static
OrionBMS.hpp:19:5:SolarGators::DataModules::OrionBMSRx0::~OrionBMSRx0()	16	static
OrionBMS.hpp:19:5:virtual SolarGators::DataModules::OrionBMSRx0::~OrionBMSRx0()	16	static
OrionBMS.hpp:41:5:SolarGators::DataModules::OrionBMSRx1::~OrionBMSRx1()	16	static
OrionBMS.hpp:41:5:virtual SolarGators::DataModules::OrionBMSRx1::~OrionBMSRx1()	16	static
OrionBMS.hpp:69:5:SolarGators::DataModules::OrionBMSRx2::~OrionBMSRx2()	16	static
OrionBMS.hpp:69:5:virtual SolarGators::DataModules::OrionBMSRx2::~OrionBMSRx2()	16	static
OrionBMS.hpp:91:5:SolarGators::DataModules::OrionBMSRx3::~OrionBMSRx3()	16	static
OrionBMS.hpp:91:5:virtual SolarGators::DataModules::OrionBMSRx3::~OrionBMSRx3()	16	static
OrionBMS.hpp:111:5:SolarGators::DataModules::OrionBMSRx4::~OrionBMSRx4()	16	static
OrionBMS.hpp:111:5:virtual SolarGators::DataModules::OrionBMSRx4::~OrionBMSRx4()	16	static
OrionBMS.hpp:175:5:SolarGators::DataModules::OrionBMSRx5::~OrionBMSRx5()	16	static
OrionBMS.hpp:175:5:virtual SolarGators::DataModules::OrionBMSRx5::~OrionBMSRx5()	16	static
OrionBMS.cpp:13:3:SolarGators::DataModules::OrionBMSRx0::OrionBMSRx0(uint32_t, uint32_t)	40	static
OrionBMS.cpp:17:8:virtual void SolarGators::DataModules::OrionBMSRx0::ToByteArray(uint8_t*) const	16	static
OrionBMS.cpp:29:8:virtual void SolarGators::DataModules::OrionBMSRx0::FromByteArray(uint8_t*)	16	static
OrionBMS.cpp:37:9:float SolarGators::DataModules::OrionBMSRx0::getAvgCellVolt() const	16	static
OrionBMS.cpp:41:9:float SolarGators::DataModules::OrionBMSRx0::getHighCellVolt() const	16	static
OrionBMS.cpp:45:9:float SolarGators::DataModules::OrionBMSRx0::getLowCellVolt() const	16	static
OrionBMS.cpp:49:9:float SolarGators::DataModules::OrionBMSRx0::getPackSumVolt() const	16	static
OrionBMS.cpp:54:3:SolarGators::DataModules::OrionBMSRx1::OrionBMSRx1(uint32_t, uint32_t)	40	static
OrionBMS.cpp:58:8:virtual void SolarGators::DataModules::OrionBMSRx1::ToByteArray(uint8_t*) const	16	static
OrionBMS.cpp:70:8:virtual void SolarGators::DataModules::OrionBMSRx1::FromByteArray(uint8_t*)	16	static
OrionBMS.cpp:81:11:uint8_t SolarGators::DataModules::OrionBMSRx1::getAvgTemp() const	16	static
OrionBMS.cpp:85:11:uint8_t SolarGators::DataModules::OrionBMSRx1::getConstantVal() const	16	static
OrionBMS.cpp:89:11:uint8_t SolarGators::DataModules::OrionBMSRx1::getHighTemp() const	16	static
OrionBMS.cpp:93:11:uint8_t SolarGators::DataModules::OrionBMSRx1::getHighTempId() const	16	static
OrionBMS.cpp:97:11:uint8_t SolarGators::DataModules::OrionBMSRx1::getInternalTemp() const	16	static
OrionBMS.cpp:101:11:uint8_t SolarGators::DataModules::OrionBMSRx1::getLowTemp() const	16	static
OrionBMS.cpp:105:11:uint8_t SolarGators::DataModules::OrionBMSRx1::getLowTempId() const	16	static
OrionBMS.cpp:110:3:SolarGators::DataModules::OrionBMSRx2::OrionBMSRx2(uint32_t, uint32_t)	40	static
OrionBMS.cpp:114:8:virtual void SolarGators::DataModules::OrionBMSRx2::ToByteArray(uint8_t*) const	16	static
OrionBMS.cpp:126:8:virtual void SolarGators::DataModules::OrionBMSRx2::FromByteArray(uint8_t*)	16	static
OrionBMS.cpp:134:12:uint16_t SolarGators::DataModules::OrionBMSRx2::getConstantVal() const	16	static
OrionBMS.cpp:138:12:uint16_t SolarGators::DataModules::OrionBMSRx2::getPackCcl() const	16	static
OrionBMS.cpp:142:9:float SolarGators::DataModules::OrionBMSRx2::getPackCurrent() const	16	static
OrionBMS.cpp:146:12:uint16_t SolarGators::DataModules::OrionBMSRx2::getPackDcl() const	16	static
OrionBMS.cpp:151:3:SolarGators::DataModules::OrionBMSRx3::OrionBMSRx3(uint32_t, uint32_t)	40	static
OrionBMS.cpp:155:8:virtual void SolarGators::DataModules::OrionBMSRx3::ToByteArray(uint8_t*) const	16	static
OrionBMS.cpp:165:10:virtual void SolarGators::DataModules::OrionBMSRx3::FromByteArray(uint8_t*)	16	static
OrionBMS.cpp:172:9:float SolarGators::DataModules::OrionBMSRx3::getHighCellRes() const	16	static
OrionBMS.cpp:176:9:float SolarGators::DataModules::OrionBMSRx3::getLowCellRes() const	16	static
OrionBMS.cpp:180:9:float SolarGators::DataModules::OrionBMSRx3::getPackRes() const	16	static
OrionBMS.cpp:185:3:SolarGators::DataModules::OrionBMSRx4::OrionBMSRx4(uint32_t, uint32_t)	40	static
OrionBMS.cpp:189:8:virtual void SolarGators::DataModules::OrionBMSRx4::ToByteArray(uint8_t*) const	16	static
OrionBMS.cpp:221:8:virtual void SolarGators::DataModules::OrionBMSRx4::FromByteArray(uint8_t*)	16	static
OrionBMS.cpp:253:8:bool SolarGators::DataModules::OrionBMSRx4::isCanCommunicationFault() const	16	static
OrionBMS.cpp:257:8:bool SolarGators::DataModules::OrionBMSRx4::isCellBalancingStuckOffFault() const	16	static
OrionBMS.cpp:261:8:bool SolarGators::DataModules::OrionBMSRx4::isCellBankFault() const	16	static
OrionBMS.cpp:265:8:bool SolarGators::DataModules::OrionBMSRx4::isCellOpenWiringFault() const	16	static
OrionBMS.cpp:269:8:bool SolarGators::DataModules::OrionBMSRx4::isCellVoltageOver5vFault() const	16	static
OrionBMS.cpp:273:8:bool SolarGators::DataModules::OrionBMSRx4::isChargeenableRelayFault() const	16	static
OrionBMS.cpp:277:8:bool SolarGators::DataModules::OrionBMSRx4::isChargerSafetyRelayFault() const	16	static
OrionBMS.cpp:281:8:bool SolarGators::DataModules::OrionBMSRx4::isCurrentSensorFault() const	16	static
OrionBMS.cpp:285:8:bool SolarGators::DataModules::OrionBMSRx4::isDischargeenableRelayFault() const	16	static
OrionBMS.cpp:289:8:bool SolarGators::DataModules::OrionBMSRx4::isFanMonitorFault() const	16	static
OrionBMS.cpp:293:8:bool SolarGators::DataModules::OrionBMSRx4::isHighVoltageIsolationFault() const	16	static
OrionBMS.cpp:297:8:bool SolarGators::DataModules::OrionBMSRx4::isHighestCellVoltageTooHighFault() const	16	static
OrionBMS.cpp:301:8:bool SolarGators::DataModules::OrionBMSRx4::isInternalCellCommunicationFault() const	16	static
OrionBMS.cpp:305:8:bool SolarGators::DataModules::OrionBMSRx4::isInternalHardwareFault() const	16	static
OrionBMS.cpp:309:8:bool SolarGators::DataModules::OrionBMSRx4::isInternalHeatsinkThermistorFault() const	16	static
OrionBMS.cpp:313:8:bool SolarGators::DataModules::OrionBMSRx4::isInternalLogicFault() const	16	static
OrionBMS.cpp:317:8:bool SolarGators::DataModules::OrionBMSRx4::isInvalidInputSupplyVoltageFault() const	16	static
OrionBMS.cpp:321:8:bool SolarGators::DataModules::OrionBMSRx4::isLowCellVoltageFault() const	16	static
OrionBMS.cpp:325:8:bool SolarGators::DataModules::OrionBMSRx4::isLowestCellVoltageTooLowFault() const	16	static
OrionBMS.cpp:329:8:bool SolarGators::DataModules::OrionBMSRx4::isPackTooHotFault() const	16	static
OrionBMS.cpp:333:8:bool SolarGators::DataModules::OrionBMSRx4::isRedundantPowerSupplyFault() const	16	static
OrionBMS.cpp:337:8:bool SolarGators::DataModules::OrionBMSRx4::isThermistorFault() const	16	static
OrionBMS.cpp:341:8:bool SolarGators::DataModules::OrionBMSRx4::isWeakCellFault() const	16	static
OrionBMS.cpp:345:8:bool SolarGators::DataModules::OrionBMSRx4::isWeakPackFault() const	16	static
OrionBMS.cpp:349:9:float SolarGators::DataModules::OrionBMSRx4::getPackSoc() const	16	static
OrionBMS.cpp:354:3:SolarGators::DataModules::OrionBMSRx5::OrionBMSRx5(uint32_t, uint32_t)	40	static
OrionBMS.cpp:358:8:virtual void SolarGators::DataModules::OrionBMSRx5::ToByteArray(uint8_t*) const	16	static
OrionBMS.cpp:370:8:virtual void SolarGators::DataModules::OrionBMSRx5::FromByteArray(uint8_t*)	16	static
OrionBMS.cpp:378:12:uint16_t SolarGators::DataModules::OrionBMSRx5::getMaxPackCcl() const	16	static
OrionBMS.cpp:382:12:uint16_t SolarGators::DataModules::OrionBMSRx5::getMaxPackDcl() const	16	static
OrionBMS.cpp:386:9:float SolarGators::DataModules::OrionBMSRx5::getMaxPackVolt() const	16	static
OrionBMS.cpp:390:9:float SolarGators::DataModules::OrionBMSRx5::getMinPackVolt() const	16	static
