gthr-default.h:229:1:int __gthread_key_delete(__gthread_key_t)	16	static
SteeringController.cpp:15:3:SolarGators::DataModules::SteeringController::SteeringController()	16	static
SteeringController.cpp:30:3:SolarGators::DataModules::SteeringController::~SteeringController()	16	static
SteeringController.cpp:30:3:virtual SolarGators::DataModules::SteeringController::~SteeringController()	16	static
SteeringController.cpp:35:8:void SolarGators::DataModules::SteeringController::EnableLeftTurnSignal()	16	static
SteeringController.cpp:41:8:void SolarGators::DataModules::SteeringController::DisableLeftTurnSignal()	16	static
SteeringController.cpp:46:8:void SolarGators::DataModules::SteeringController::ToggleLeftTurnSignal()	16	static
SteeringController.cpp:54:8:void SolarGators::DataModules::SteeringController::EnableRightTurnSignal()	16	static
SteeringController.cpp:60:8:void SolarGators::DataModules::SteeringController::DisableRightTurnSignal()	16	static
SteeringController.cpp:65:8:void SolarGators::DataModules::SteeringController::ToggleRightTurnSignal()	16	static
SteeringController.cpp:73:8:void SolarGators::DataModules::SteeringController::EnableHazards()	16	static
SteeringController.cpp:80:8:void SolarGators::DataModules::SteeringController::DisableHazards()	16	static
SteeringController.cpp:85:8:void SolarGators::DataModules::SteeringController::ToggleHazards()	16	static
SteeringController.cpp:93:8:void SolarGators::DataModules::SteeringController::SetBpsFault(bool)	16	static
SteeringController.cpp:98:8:void SolarGators::DataModules::SteeringController::EnableCruise()	16	static
SteeringController.cpp:105:8:void SolarGators::DataModules::SteeringController::DisableCruise()	16	static
SteeringController.cpp:109:8:void SolarGators::DataModules::SteeringController::ToggleCruise()	16	static
SteeringController.cpp:117:8:void SolarGators::DataModules::SteeringController::EnableHeadlights()	16	static
SteeringController.cpp:122:8:void SolarGators::DataModules::SteeringController::DisableHeadlights()	16	static
SteeringController.cpp:127:8:void SolarGators::DataModules::SteeringController::ToggleHeadlights()	16	static
SteeringController.cpp:135:8:void SolarGators::DataModules::SteeringController::EnableHorn()	16	static
SteeringController.cpp:140:8:void SolarGators::DataModules::SteeringController::DisableHorn()	16	static
SteeringController.cpp:145:8:void SolarGators::DataModules::SteeringController::ToggleHorn()	16	static
SteeringController.cpp:153:8:void SolarGators::DataModules::SteeringController::IncreaseCruiseSpeed()	16	static
SteeringController.cpp:158:8:void SolarGators::DataModules::SteeringController::DecreaseCruiseSpeed()	16	static
SteeringController.cpp:163:8:void SolarGators::DataModules::SteeringController::SetCruiseSpeed(uint16_t)	16	static
SteeringController.cpp:170:8:void SolarGators::DataModules::SteeringController::EnableReverse()	16	static
SteeringController.cpp:177:8:void SolarGators::DataModules::SteeringController::DisableReverse()	16	static
SteeringController.cpp:182:8:void SolarGators::DataModules::SteeringController::ToggleReverse()	16	static
SteeringController.cpp:190:8:void SolarGators::DataModules::SteeringController::EnableEco()	16	static
SteeringController.cpp:195:8:void SolarGators::DataModules::SteeringController::DisableEco()	16	static
SteeringController.cpp:199:8:void SolarGators::DataModules::SteeringController::ToggleEco()	16	static
SteeringController.cpp:207:8:void SolarGators::DataModules::SteeringController::HandlePress(uint16_t)	16	static
SteeringController.cpp:214:8:void SolarGators::DataModules::SteeringController::AddButton(SolarGators::Drivers::Button*)	16	static
SteeringController.cpp:219:8:void SolarGators::DataModules::SteeringController::ButtonHandler()	32	static
Map.hpp:76:3:SolarGators::Containers::Map<KEY_T, DATA_T, SIZE>::Map() [with KEY_T = short unsigned int; DATA_T = SolarGators::Drivers::Button; int SIZE = 10]	16	static
Map.hpp:82:8:bool SolarGators::Containers::Map<KEY_T, DATA_T, SIZE>::Insert(KEY_T, DATA_T*) [with KEY_T = short unsigned int; DATA_T = SolarGators::Drivers::Button; int SIZE = 10]	32	static
Map.hpp:213:11:DATA_T* SolarGators::Containers::Map<KEY_T, DATA_T, SIZE>::Find(KEY_T) [with KEY_T = short unsigned int; DATA_T = SolarGators::Drivers::Button; int SIZE = 10]	24	static
Map.hpp:105:44:SolarGators::Containers::Map<KEY_T, DATA_T, SIZE>::Node* SolarGators::Containers::Map<KEY_T, DATA_T, SIZE>::AddNode(SolarGators::Containers::Map<KEY_T, DATA_T, SIZE>::Node*, SolarGators::Containers::Map<KEY_T, DATA_T, SIZE>::Node*) [with KEY_T = short unsigned int; DATA_T = SolarGators::Drivers::Button; int SIZE = 10]	40	static
Map.hpp:94:44:SolarGators::Containers::Map<KEY_T, DATA_T, SIZE>::Node* SolarGators::Containers::Map<KEY_T, DATA_T, SIZE>::NewNode(KEY_T, DATA_T*) [with KEY_T = short unsigned int; DATA_T = SolarGators::Drivers::Button; int SIZE = 10]	40	static
Map.hpp:227:44:SolarGators::Containers::Map<KEY_T, DATA_T, SIZE>::Node* SolarGators::Containers::Map<KEY_T, DATA_T, SIZE>::FindNode(SolarGators::Containers::Map<KEY_T, DATA_T, SIZE>::Node*, KEY_T) [with KEY_T = short unsigned int; DATA_T = SolarGators::Drivers::Button; int SIZE = 10]	24	static
Map.hpp:251:12:uint32_t SolarGators::Containers::Map<KEY_T, DATA_T, SIZE>::Max(uint32_t, uint32_t) [with KEY_T = short unsigned int; DATA_T = SolarGators::Drivers::Button; int SIZE = 10]	24	static
Map.hpp:157:12:uint32_t SolarGators::Containers::Map<KEY_T, DATA_T, SIZE>::Height(SolarGators::Containers::Map<KEY_T, DATA_T, SIZE>::Node*) [with KEY_T = short unsigned int; DATA_T = SolarGators::Drivers::Button; int SIZE = 10]	16	static
Map.hpp:165:12:uint32_t SolarGators::Containers::Map<KEY_T, DATA_T, SIZE>::GetBalance(SolarGators::Containers::Map<KEY_T, DATA_T, SIZE>::Node*) [with KEY_T = short unsigned int; DATA_T = SolarGators::Drivers::Button; int SIZE = 10]	24	static
Map.hpp:193:44:SolarGators::Containers::Map<KEY_T, DATA_T, SIZE>::Node* SolarGators::Containers::Map<KEY_T, DATA_T, SIZE>::RightRotate(SolarGators::Containers::Map<KEY_T, DATA_T, SIZE>::Node*) [with KEY_T = short unsigned int; DATA_T = SolarGators::Drivers::Button; int SIZE = 10]	32	static
Map.hpp:173:44:SolarGators::Containers::Map<KEY_T, DATA_T, SIZE>::Node* SolarGators::Containers::Map<KEY_T, DATA_T, SIZE>::LeftRotate(SolarGators::Containers::Map<KEY_T, DATA_T, SIZE>::Node*) [with KEY_T = short unsigned int; DATA_T = SolarGators::Drivers::Button; int SIZE = 10]	32	static
