Archive member included to satisfy reference by file (symbol)

c:/st/stm32cubeide_1.1.0/stm32cubeide/plugins/com.st.stm32cube.ide.mcu.externaltools.gnu-tools-for-stm32.9-2020-q2-update.win32_2.0.0.202105311346/tools/bin/../lib/gcc/arm-none-eabi/9.3.1/../../../../arm-none-eabi/lib/thumb/v6-m/nofp\libstdc++_nano.a(del_ops.o)
                              ./Core/Src/user.o (operator delete(void*, unsigned int))
c:/st/stm32cubeide_1.1.0/stm32cubeide/plugins/com.st.stm32cube.ide.mcu.externaltools.gnu-tools-for-stm32.9-2020-q2-update.win32_2.0.0.202105311346/tools/bin/../lib/gcc/arm-none-eabi/9.3.1/../../../../arm-none-eabi/lib/thumb/v6-m/nofp\libstdc++_nano.a(new_op.o)
                              ./Core/Src/user.o (operator new(unsigned int))
c:/st/stm32cubeide_1.1.0/stm32cubeide/plugins/com.st.stm32cube.ide.mcu.externaltools.gnu-tools-for-stm32.9-2020-q2-update.win32_2.0.0.202105311346/tools/bin/../lib/gcc/arm-none-eabi/9.3.1/../../../../arm-none-eabi/lib/thumb/v6-m/nofp\libstdc++_nano.a(pure.o)
                              ./Drivers/SolarGatorsBSP/DataModules/src/Steering.o (__cxa_pure_virtual)
c:/st/stm32cubeide_1.1.0/stm32cubeide/plugins/com.st.stm32cube.ide.mcu.externaltools.gnu-tools-for-stm32.9-2020-q2-update.win32_2.0.0.202105311346/tools/bin/../lib/gcc/arm-none-eabi/9.3.1/../../../../arm-none-eabi/lib/thumb/v6-m/nofp\libstdc++_nano.a(del_op.o)
                              c:/st/stm32cubeide_1.1.0/stm32cubeide/plugins/com.st.stm32cube.ide.mcu.externaltools.gnu-tools-for-stm32.9-2020-q2-update.win32_2.0.0.202105311346/tools/bin/../lib/gcc/arm-none-eabi/9.3.1/../../../../arm-none-eabi/lib/thumb/v6-m/nofp\libstdc++_nano.a(del_ops.o) (operator delete(void*))
c:/st/stm32cubeide_1.1.0/stm32cubeide/plugins/com.st.stm32cube.ide.mcu.externaltools.gnu-tools-for-stm32.9-2020-q2-update.win32_2.0.0.202105311346/tools/bin/../lib/gcc/arm-none-eabi/9.3.1/../../../../arm-none-eabi/lib/thumb/v6-m/nofp\libstdc++_nano.a(eh_terminate.o)
                              c:/st/stm32cubeide_1.1.0/stm32cubeide/plugins/com.st.stm32cube.ide.mcu.externaltools.gnu-tools-for-stm32.9-2020-q2-update.win32_2.0.0.202105311346/tools/bin/../lib/gcc/arm-none-eabi/9.3.1/../../../../arm-none-eabi/lib/thumb/v6-m/nofp\libstdc++_nano.a(pure.o) (std::terminate())
c:/st/stm32cubeide_1.1.0/stm32cubeide/plugins/com.st.stm32cube.ide.mcu.externaltools.gnu-tools-for-stm32.9-2020-q2-update.win32_2.0.0.202105311346/tools/bin/../lib/gcc/arm-none-eabi/9.3.1/../../../../arm-none-eabi/lib/thumb/v6-m/nofp\libstdc++_nano.a(eh_unex_handler.o)
                              c:/st/stm32cubeide_1.1.0/stm32cubeide/plugins/com.st.stm32cube.ide.mcu.externaltools.gnu-tools-for-stm32.9-2020-q2-update.win32_2.0.0.202105311346/tools/bin/../lib/gcc/arm-none-eabi/9.3.1/../../../../arm-none-eabi/lib/thumb/v6-m/nofp\libstdc++_nano.a(eh_terminate.o) (__cxxabiv1::__unexpected_handler)
c:/st/stm32cubeide_1.1.0/stm32cubeide/plugins/com.st.stm32cube.ide.mcu.externaltools.gnu-tools-for-stm32.9-2020-q2-update.win32_2.0.0.202105311346/tools/bin/../lib/gcc/arm-none-eabi/9.3.1/../../../../arm-none-eabi/lib/thumb/v6-m/nofp\libstdc++_nano.a(new_handler.o)
                              c:/st/stm32cubeide_1.1.0/stm32cubeide/plugins/com.st.stm32cube.ide.mcu.externaltools.gnu-tools-for-stm32.9-2020-q2-update.win32_2.0.0.202105311346/tools/bin/../lib/gcc/arm-none-eabi/9.3.1/../../../../arm-none-eabi/lib/thumb/v6-m/nofp\libstdc++_nano.a(new_op.o) (std::get_new_handler())
c:/st/stm32cubeide_1.1.0/stm32cubeide/plugins/com.st.stm32cube.ide.mcu.externaltools.gnu-tools-for-stm32.9-2020-q2-update.win32_2.0.0.202105311346/tools/bin/../lib/gcc/arm-none-eabi/9.3.1/../../../../arm-none-eabi/lib/thumb/v6-m/nofp\libstdc++_nano.a(eh_term_handler.o)
                              c:/st/stm32cubeide_1.1.0/stm32cubeide/plugins/com.st.stm32cube.ide.mcu.externaltools.gnu-tools-for-stm32.9-2020-q2-update.win32_2.0.0.202105311346/tools/bin/../lib/gcc/arm-none-eabi/9.3.1/../../../../arm-none-eabi/lib/thumb/v6-m/nofp\libstdc++_nano.a(eh_terminate.o) (__cxxabiv1::__terminate_handler)
c:/st/stm32cubeide_1.1.0/stm32cubeide/plugins/com.st.stm32cube.ide.mcu.externaltools.gnu-tools-for-stm32.9-2020-q2-update.win32_2.0.0.202105311346/tools/bin/../lib/gcc/arm-none-eabi/9.3.1/../../../../arm-none-eabi/lib/thumb/v6-m/nofp\libc_nano.a(lib_a-abort.o)
                              c:/st/stm32cubeide_1.1.0/stm32cubeide/plugins/com.st.stm32cube.ide.mcu.externaltools.gnu-tools-for-stm32.9-2020-q2-update.win32_2.0.0.202105311346/tools/bin/../lib/gcc/arm-none-eabi/9.3.1/../../../../arm-none-eabi/lib/thumb/v6-m/nofp\libstdc++_nano.a(new_op.o) (abort)
c:/st/stm32cubeide_1.1.0/stm32cubeide/plugins/com.st.stm32cube.ide.mcu.externaltools.gnu-tools-for-stm32.9-2020-q2-update.win32_2.0.0.202105311346/tools/bin/../lib/gcc/arm-none-eabi/9.3.1/../../../../arm-none-eabi/lib/thumb/v6-m/nofp\libc_nano.a(lib_a-errno.o)
                              ./Core/Src/syscalls.o (__errno)
[...]
Memory Configuration

Name             Origin             Length             Attributes
RAM              0x0000000020000000 0x0000000000004000 xrw
FLASH            0x0000000008000000 0x0000000000020000 xr
*default*        0x0000000000000000 0xffffffffffffffff

Linker script and memory map

LOAD c:/st/stm32cubeide_1.1.0/stm32cubeide/plugins/com.st.stm32cube.ide.mcu.externaltools.gnu-tools-for-stm32.9-2020-q2-update.win32_2.0.0.202105311346/tools/bin/../lib/gcc/arm-none-eabi/9.3.1/thumb/v6-m/nofp/crti.o
LOAD c:/st/stm32cubeide_1.1.0/stm32cubeide/plugins/com.st.stm32cube.ide.mcu.externaltools.gnu-tools-for-stm32.9-2020-q2-update.win32_2.0.0.202105311346/tools/bin/../lib/gcc/arm-none-eabi/9.3.1/thumb/v6-m/nofp/crtbegin.o
LOAD c:/st/stm32cubeide_1.1.0/stm32cubeide/plugins/com.st.stm32cube.ide.mcu.externaltools.gnu-tools-for-stm32.9-2020-q2-update.win32_2.0.0.202105311346/tools/bin/../lib/gcc/arm-none-eabi/9.3.1/../../../../arm-none-eabi/lib/thumb/v6-m/nofp/crt0.o
LOAD ./Core/Src/freertos.o
LOAD ./Core/Src/main.o
LOAD ./Core/Src/stm32f0xx_hal_msp.o
LOAD ./Core/Src/stm32f0xx_hal_timebase_tim.o
LOAD ./Core/Src/stm32f0xx_it.o
LOAD ./Core/Src/syscalls.o
LOAD ./Core/Src/sysmem.o
LOAD ./Core/Src/system_stm32f0xx.o
LOAD ./Core/Src/user.o
LOAD ./Core/Startup/startup_stm32f072rbtx.o
LOAD ./Drivers/STM32F0xx_HAL_Driver/Src/stm32f0xx_hal.o
LOAD ./Drivers/STM32F0xx_HAL_Driver/Src/stm32f0xx_hal_can.o
LOAD ./Drivers/STM32F0xx_HAL_Driver/Src/stm32f0xx_hal_cortex.o
LOAD ./Drivers/STM32F0xx_HAL_Driver/Src/stm32f0xx_hal_dma.o
LOAD ./Drivers/STM32F0xx_HAL_Driver/Src/stm32f0xx_hal_exti.o
LOAD ./Drivers/STM32F0xx_HAL_Driver/Src/stm32f0xx_hal_flash.o
LOAD ./Drivers/STM32F0xx_HAL_Driver/Src/stm32f0xx_hal_flash_ex.o
LOAD ./Drivers/STM32F0xx_HAL_Driver/Src/stm32f0xx_hal_gpio.o
LOAD ./Drivers/STM32F0xx_HAL_Driver/Src/stm32f0xx_hal_i2c.o
LOAD ./Drivers/STM32F0xx_HAL_Driver/Src/stm32f0xx_hal_i2c_ex.o
LOAD ./Drivers/STM32F0xx_HAL_Driver/Src/stm32f0xx_hal_pcd.o
LOAD ./Drivers/STM32F0xx_HAL_Driver/Src/stm32f0xx_hal_pcd_ex.o
LOAD ./Drivers/STM32F0xx_HAL_Driver/Src/stm32f0xx_hal_pwr.o
LOAD ./Drivers/STM32F0xx_HAL_Driver/Src/stm32f0xx_hal_pwr_ex.o
LOAD ./Drivers/STM32F0xx_HAL_Driver/Src/stm32f0xx_hal_rcc.o
LOAD ./Drivers/STM32F0xx_HAL_Driver/Src/stm32f0xx_hal_rcc_ex.o
LOAD ./Drivers/STM32F0xx_HAL_Driver/Src/stm32f0xx_hal_spi.o
LOAD ./Drivers/STM32F0xx_HAL_Driver/Src/stm32f0xx_hal_spi_ex.o
LOAD ./Drivers/STM32F0xx_HAL_Driver/Src/stm32f0xx_hal_tim.o
LOAD ./Drivers/STM32F0xx_HAL_Driver/Src/stm32f0xx_hal_tim_ex.o
LOAD ./Drivers/STM32F0xx_HAL_Driver/Src/stm32f0xx_ll_usb.o
LOAD ./Drivers/SolarGatorsBSP/DataModules/src/Steering.o
LOAD ./Drivers/SolarGatorsBSP/DataModules/src/SteeringController.o
LOAD ./Drivers/SolarGatorsBSP/Drivers/src/AsciiLib.o
LOAD ./Drivers/SolarGatorsBSP/Drivers/src/Button.o
LOAD ./Drivers/SolarGatorsBSP/Drivers/src/CAN.o
LOAD ./Drivers/SolarGatorsBSP/Drivers/src/HY28b.o
LOAD ./Drivers/SolarGatorsBSP/Drivers/src/LED.o
LOAD ./Drivers/SolarGatorsBSP/Drivers/src/UI.o
LOAD ./Middlewares/Third_Party/FreeRTOS/Source/CMSIS_RTOS_V2/cmsis_os2.o
LOAD ./Middlewares/Third_Party/FreeRTOS/Source/croutine.o
LOAD ./Middlewares/Third_Party/FreeRTOS/Source/event_groups.o
LOAD ./Middlewares/Third_Party/FreeRTOS/Source/list.o
LOAD ./Middlewares/Third_Party/FreeRTOS/Source/queue.o
LOAD ./Middlewares/Third_Party/FreeRTOS/Source/stream_buffer.o
LOAD ./Middlewares/Third_Party/FreeRTOS/Source/tasks.o
LOAD ./Middlewares/Third_Party/FreeRTOS/Source/timers.o
LOAD ./Middlewares/Third_Party/FreeRTOS/Source/portable/GCC/ARM_CM0/port.o
LOAD ./Middlewares/Third_Party/FreeRTOS/Source/portable/MemMang/heap_4.o
START GROUP
LOAD c:/st/stm32cubeide_1.1.0/stm32cubeide/plugins/com.st.stm32cube.ide.mcu.externaltools.gnu-tools-for-stm32.9-2020-q2-update.win32_2.0.0.202105311346/tools/bin/../lib/gcc/arm-none-eabi/9.3.1/../../../../arm-none-eabi/lib/thumb/v6-m/nofp\libstdc++_nano.a
LOAD c:/st/stm32cubeide_1.1.0/stm32cubeide/plugins/com.st.stm32cube.ide.mcu.externaltools.gnu-tools-for-stm32.9-2020-q2-update.win32_2.0.0.202105311346/tools/bin/../lib/gcc/arm-none-eabi/9.3.1/../../../../arm-none-eabi/lib/thumb/v6-m/nofp\libsupc++_nano.a
END GROUP
LOAD c:/st/stm32cubeide_1.1.0/stm32cubeide/plugins/com.st.stm32cube.ide.mcu.externaltools.gnu-tools-for-stm32.9-2020-q2-update.win32_2.0.0.202105311346/tools/bin/../lib/gcc/arm-none-eabi/9.3.1/../../../../arm-none-eabi/lib/thumb/v6-m/nofp\libstdc++_nano.a
LOAD c:/st/stm32cubeide_1.1.0/stm32cubeide/plugins/com.st.stm32cube.ide.mcu.externaltools.gnu-tools-for-stm32.9-2020-q2-update.win32_2.0.0.202105311346/tools/bin/../lib/gcc/arm-none-eabi/9.3.1/../../../../arm-none-eabi/lib/thumb/v6-m/nofp\libm.a
LOAD c:/st/stm32cubeide_1.1.0/stm32cubeide/plugins/com.st.stm32cube.ide.mcu.externaltools.gnu-tools-for-stm32.9-2020-q2-update.win32_2.0.0.202105311346/tools/bin/../lib/gcc/arm-none-eabi/9.3.1/../../../../arm-none-eabi/lib/thumb/v6-m/nofp\libc_nano.a
START GROUP
LOAD c:/st/stm32cubeide_1.1.0/stm32cubeide/plugins/com.st.stm32cube.ide.mcu.externaltools.gnu-tools-for-stm32.9-2020-q2-update.win32_2.0.0.202105311346/tools/bin/../lib/gcc/arm-none-eabi/9.3.1/thumb/v6-m/nofp\libgcc.a
LOAD c:/st/stm32cubeide_1.1.0/stm32cubeide/plugins/com.st.stm32cube.ide.mcu.externaltools.gnu-tools-for-stm32.9-2020-q2-update.win32_2.0.0.202105311346/tools/bin/../lib/gcc/arm-none-eabi/9.3.1/../../../../arm-none-eabi/lib/thumb/v6-m/nofp\libc_nano.a
END GROUP
START GROUP
LOAD c:/st/stm32cubeide_1.1.0/stm32cubeide/plugins/com.st.stm32cube.ide.mcu.externaltools.gnu-tools-for-stm32.9-2020-q2-update.win32_2.0.0.202105311346/tools/bin/../lib/gcc/arm-none-eabi/9.3.1/thumb/v6-m/nofp\libgcc.a
LOAD c:/st/stm32cubeide_1.1.0/stm32cubeide/plugins/com.st.stm32cube.ide.mcu.externaltools.gnu-tools-for-stm32.9-2020-q2-update.win32_2.0.0.202105311346/tools/bin/../lib/gcc/arm-none-eabi/9.3.1/../../../../arm-none-eabi/lib/thumb/v6-m/nofp\libc_nano.a
LOAD c:/st/stm32cubeide_1.1.0/stm32cubeide/plugins/com.st.stm32cube.ide.mcu.externaltools.gnu-tools-for-stm32.9-2020-q2-update.win32_2.0.0.202105311346/tools/bin/../lib/gcc/arm-none-eabi/9.3.1/../../../../arm-none-eabi/lib/thumb/v6-m/nofp\libnosys.a
END GROUP
START GROUP
LOAD c:/st/stm32cubeide_1.1.0/stm32cubeide/plugins/com.st.stm32cube.ide.mcu.externaltools.gnu-tools-for-stm32.9-2020-q2-update.win32_2.0.0.202105311346/tools/bin/../lib/gcc/arm-none-eabi/9.3.1/thumb/v6-m/nofp\libgcc.a
LOAD c:/st/stm32cubeide_1.1.0/stm32cubeide/plugins/com.st.stm32cube.ide.mcu.externaltools.gnu-tools-for-stm32.9-2020-q2-update.win32_2.0.0.202105311346/tools/bin/../lib/gcc/arm-none-eabi/9.3.1/../../../../arm-none-eabi/lib/thumb/v6-m/nofp\libc_nano.a
LOAD c:/st/stm32cubeide_1.1.0/stm32cubeide/plugins/com.st.stm32cube.ide.mcu.externaltools.gnu-tools-for-stm32.9-2020-q2-update.win32_2.0.0.202105311346/tools/bin/../lib/gcc/arm-none-eabi/9.3.1/../../../../arm-none-eabi/lib/thumb/v6-m/nofp\libnosys.a
END GROUP
LOAD c:/st/stm32cubeide_1.1.0/stm32cubeide/plugins/com.st.stm32cube.ide.mcu.externaltools.gnu-tools-for-stm32.9-2020-q2-update.win32_2.0.0.202105311346/tools/bin/../lib/gcc/arm-none-eabi/9.3.1/thumb/v6-m/nofp/crtend.o
LOAD c:/st/stm32cubeide_1.1.0/stm32cubeide/plugins/com.st.stm32cube.ide.mcu.externaltools.gnu-tools-for-stm32.9-2020-q2-update.win32_2.0.0.202105311346/tools/bin/../lib/gcc/arm-none-eabi/9.3.1/thumb/v6-m/nofp/crtn.o
                0x0000000020004000                _estack = (ORIGIN (RAM) + LENGTH (RAM))
                0x0000000000000200                _Min_Heap_Size = 0x200
                0x0000000000000400                _Min_Stack_Size = 0x400

.isr_vector     0x0000000008000000       0xc0
                0x0000000008000000                . = ALIGN (0x4)
 *(.isr_vector)
 .isr_vector    0x0000000008000000       0xc0 ./Core/Startup/startup_stm32f072rbtx.o
                0x0000000008000000                g_pfnVectors
                0x00000000080000c0                . = ALIGN (0x4)

.text           0x00000000080000c0     0x5920
                0x00000000080000c0                . = ALIGN (0x4)
 *(.text)
 .text          0x00000000080000c0       0x48 c:/st/stm32cubeide_1.1.0/stm32cubeide/plugins/com.st.stm32cube.ide.mcu.externaltools.gnu-tools-for-stm32.9-2020-q2-update.win32_2.0.0.202105311346/tools/bin/../lib/gcc/arm-none-eabi/9.3.1/thumb/v6-m/nofp/crtbegin.o
 .text          0x0000000008000108       0x14 c:/st/stm32cubeide_1.1.0/stm32cubeide/plugins/com.st.stm32cube.ide.mcu.externaltools.gnu-tools-for-stm32.9-2020-q2-update.win32_2.0.0.202105311346/tools/bin/../lib/gcc/arm-none-eabi/9.3.1/thumb/v6-m/nofp\libgcc.a(_thumb1_case_sqi.o)
                0x0000000008000108                __gnu_thumb1_case_sqi
 .text          0x000000000800011c      0x114 c:/st/stm32cubeide_1.1.0/stm32cubeide/plugins/com.st.stm32cube.ide.mcu.externaltools.gnu-tools-for-stm32.9-2020-q2-update.win32_2.0.0.202105311346/tools/bin/../lib/gcc/arm-none-eabi/9.3.1/thumb/v6-m/nofp\libgcc.a(_udivsi3.o)
                0x000000000800011c                __aeabi_uidiv
                0x000000000800011c                __udivsi3
                0x0000000008000228                __aeabi_uidivmod
 .text          0x0000000008000230        0x4 c:/st/stm32cubeide_1.1.0/stm32cubeide/plugins/com.st.stm32cube.ide.mcu.externaltools.gnu-tools-for-stm32.9-2020-q2-update.win32_2.0.0.202105311346/tools/bin/../lib/gcc/arm-none-eabi/9.3.1/thumb/v6-m/nofp\libgcc.a(_dvmd_tls.o)
                0x0000000008000230                __aeabi_idiv0
                0x0000000008000230                __aeabi_ldiv0
 *(.text*)
 .text.StartDefaultTask
                0x0000000008000234        0xa ./Core/Src/main.o
                0x0000000008000234                StartDefaultTask
 *fill*         0x000000000800023e        0x2 
 .text.StartBlink
                0x0000000008000240       0x1c ./Core/Src/main.o
                0x0000000008000240                StartBlink
 .text.HAL_GPIO_EXTI_Callback
                0x000000000800025c        0x8 ./Core/Src/main.o
                0x000000000800025c                HAL_GPIO_EXTI_Callback
 .text.HAL_TIM_PeriodElapsedCallback
                0x0000000008000264       0x14 ./Core/Src/main.o
                0x0000000008000264                HAL_TIM_PeriodElapsedCallback
 .text.Error_Handler
                0x0000000008000278       0x1c ./Core/Src/main.o
                0x0000000008000278                Error_Handler
 .text.SystemClock_Config
                0x0000000008000294       0x66 ./Core/Src/main.o
                0x0000000008000294                SystemClock_Config
 *fill*         0x00000000080002fa        0x2 
 .text.startup.main
                0x00000000080002fc      0x260 ./Core/Src/main.o
                0x00000000080002fc                main
 .text.HAL_MspInit
                0x000000000800055c       0x38 ./Core/Src/stm32f0xx_hal_msp.o
                0x000000000800055c                HAL_MspInit
 .text.HAL_CAN_MspInit
                0x0000000008000594       0x7c ./Core/Src/stm32f0xx_hal_msp.o
                0x0000000008000594                HAL_CAN_MspInit
 .text.HAL_SPI_MspInit
                0x0000000008000610       0x68 ./Core/Src/stm32f0xx_hal_msp.o
                0x0000000008000610                HAL_SPI_MspInit
 .text.HAL_PCD_MspInit
                0x0000000008000678       0x2c ./Core/Src/stm32f0xx_hal_msp.o
                0x0000000008000678                HAL_PCD_MspInit
 .text.HAL_InitTick
                0x00000000080006a4       0x7c ./Core/Src/stm32f0xx_hal_timebase_tim.o
                0x00000000080006a4                HAL_InitTick
 .text.NMI_Handler
                0x0000000008000720        0x2 ./Core/Src/stm32f0xx_it.o
                0x0000000008000720                NMI_Handler
 *fill*         0x0000000008000722        0x2 
 .text.HardFault_Handler
                0x0000000008000724       0x14 ./Core/Src/stm32f0xx_it.o
                0x0000000008000724                HardFault_Handler
 .text.EXTI0_1_IRQHandler
                0x0000000008000738       0x10 ./Core/Src/stm32f0xx_it.o
                0x0000000008000738                EXTI0_1_IRQHandler
 .text.EXTI2_3_IRQHandler
                0x0000000008000748        0xa ./Core/Src/stm32f0xx_it.o
                0x0000000008000748                EXTI2_3_IRQHandler
 .text.EXTI4_15_IRQHandler
                0x0000000008000752       0x40 ./Core/Src/stm32f0xx_it.o
                0x0000000008000752                EXTI4_15_IRQHandler
 *fill*         0x0000000008000792        0x2 
 .text.TIM1_BRK_UP_TRG_COM_IRQHandler
                0x0000000008000794       0x10 ./Core/Src/stm32f0xx_it.o
                0x0000000008000794                TIM1_BRK_UP_TRG_COM_IRQHandler
 .text.CEC_CAN_IRQHandler
                0x00000000080007a4       0x14 ./Core/Src/stm32f0xx_it.o
                0x00000000080007a4                CEC_CAN_IRQHandler
 .text._getpid  0x00000000080007b8        0x4 ./Core/Src/syscalls.o
                0x00000000080007b8                _getpid
 .text._kill    0x00000000080007bc       0x10 ./Core/Src/syscalls.o
                0x00000000080007bc                _kill
 .text._exit    0x00000000080007cc        0xc ./Core/Src/syscalls.o
                0x00000000080007cc                _exit
 .text._sbrk    0x00000000080007d8       0x40 ./Core/Src/sysmem.o
                0x00000000080007d8                _sbrk
 .text.SystemInit
                0x0000000008000818        0x2 ./Core/Src/system_stm32f0xx.o
                0x0000000008000818                SystemInit
 .text._ZNSt17_Function_handlerIFvvEPS0_E9_M_invokeERKSt9_Any_data
                0x000000000800081a        0x8 ./Core/Src/user.o
                0x000000000800081a                std::_Function_handler<void (), void (*)()>::_M_invoke(std::_Any_data const&)
 .text._ZNSt14_Function_base13_Base_managerIPFvvEE10_M_managerERSt9_Any_dataRKS4_St18_Manager_operation
                0x0000000008000822       0x16 ./Core/Src/user.o
                0x0000000008000822                std::_Function_base::_Base_manager<void (*)()>::_M_manager(std::_Any_data&, std::_Any_data const&, std::_Manager_operation)
 .text._Z17UpdateTurnSignalsv
                0x0000000008000838       0x90 ./Core/Src/user.o
                0x0000000008000838                UpdateTurnSignals()
 .text._Z9HandleEcov
                0x00000000080008c8       0x18 ./Core/Src/user.o
                0x00000000080008c8                HandleEco()
 .text._Z16HandleHeadLightsv
                0x00000000080008e0       0x18 ./Core/Src/user.o
                0x00000000080008e0                HandleHeadLights()
 .text._Z12HandleCruisev
                0x00000000080008f8       0x18 ./Core/Src/user.o
                0x00000000080008f8                HandleCruise()
 .text._Z13HandleReversev
                0x0000000008000910       0x18 ./Core/Src/user.o
                0x0000000008000910                HandleReverse()
 .text._ZNSt14_Function_base13_Base_managerISt5_BindIFMN11SolarGators11DataModules18SteeringControllerEFvvEPS4_EEE10_M_managerERSt9_Any_dataRKSB_St18_Manager_operation
                0x0000000008000928       0x38 ./Core/Src/user.o
                0x0000000008000928                std::_Function_base::_Base_manager<std::_Bind<void (SolarGators::DataModules::SteeringController::*(SolarGators::DataModules::SteeringController*))()> >::_M_manager(std::_Any_data&, std::_Any_data const&, std::_Manager_operation)
 .text._ZNSt17_Function_handlerIFvvESt5_BindIFMN11SolarGators11DataModules18SteeringControllerEFvvEPS4_EEE9_M_invokeERKSt9_Any_data
                0x0000000008000960       0x1a ./Core/Src/user.o
                0x0000000008000960                std::_Function_handler<void (), std::_Bind<void (SolarGators::DataModules::SteeringController::*(SolarGators::DataModules::SteeringController*))()> >::_M_invoke(std::_Any_data const&)
 .text._ZNSt14_Function_baseD2Ev
                0x000000000800097a       0x14 ./Core/Src/user.o
                0x000000000800097a                std::_Function_base::~_Function_base()
                0x000000000800097a                std::_Function_base::~_Function_base()
 *fill*         0x000000000800098e        0x2 
 .text.CPP_HandleGPIOInterrupt
                0x0000000008000990       0x10 ./Core/Src/user.o
                0x0000000008000990                CPP_HandleGPIOInterrupt
 .text.CPP_HandleCANRxInterrupt
                0x00000000080009a0       0x10 ./Core/Src/user.o
                0x00000000080009a0                CPP_HandleCANRxInterrupt
 .text._ZSt4swapISt9_Any_dataENSt9enable_ifIXsrSt6__and_IJSt6__not_ISt15__is_tuple_likeIT_EESt21is_move_constructibleIS5_ESt18is_move_assignableIS5_EEE5valueEvE4typeERS5_SF_
                0x00000000080009b0       0x18 ./Core/Src/user.o
                0x00000000080009b0                std::enable_if<std::__and_<std::__not_<std::__is_tuple_like<std::_Any_data> >, std::is_move_constructible<std::_Any_data>, std::is_move_assignable<std::_Any_data> >::value, void>::type std::swap<std::_Any_data>(std::_Any_data&, std::_Any_data&)
 .text._ZNSt8functionIFvvEEaSISt5_BindIFMN11SolarGators11DataModules18SteeringControllerEFvvEPS6_EEEENSt9enable_ifIXsrNS1_9_CallableINSt5decayIT_E4typeESt15__invoke_resultIRSH_JEEEE5valueERS1_E4typeEOSF_
                0x00000000080009c8       0x5c ./Core/Src/user.o
                0x00000000080009c8                std::enable_if<std::function<void ()>::_Callable<std::decay<std::_Bind<void (SolarGators::DataModules::SteeringController::*(SolarGators::DataModules::SteeringController*))()> >::type, std::__invoke_result<std::decay<std::_Bind<void (SolarGators::DataModules::SteeringController::*(SolarGators::DataModules::SteeringController*))()> >::type&> >::value, std::function<void ()>&>::type std::function<void ()>::operator=<std::_Bind<void (SolarGators::DataModules::SteeringController::*(SolarGators::DataModules::SteeringController*))()> >(std::_Bind<void (SolarGators::DataModules::SteeringController::*(SolarGators::DataModules::SteeringController*))()>&&)
 .text._ZNSt8functionIFvvEEaSIRS0_EENSt9enable_ifIXsrNS1_9_CallableINSt5decayIT_E4typeESt15__invoke_resultIRS9_JEEEE5valueERS1_E4typeEOS7_
                0x0000000008000a24       0x3c ./Core/Src/user.o
                0x0000000008000a24                std::enable_if<std::function<void ()>::_Callable<std::decay<void (&)()>::type, std::__invoke_result<std::decay<void (&)()>::type&> >::value, std::function<void ()>&>::type std::function<void ()>::operator=<void (&)()>(void (&)())
 .text.startup._GLOBAL__sub_I_Controller
                0x0000000008000a60      0x1b0 ./Core/Src/user.o
 .text.CPP_UserSetup
                0x0000000008000c10      0x198 ./Core/Src/user.o
                0x0000000008000c10                CPP_UserSetup
 .text.exit._GLOBAL__sub_D_Controller
                0x0000000008000da8       0xb8 ./Core/Src/user.o
 .text.Reset_Handler
                0x0000000008000e60       0x50 ./Core/Startup/startup_stm32f072rbtx.o
                0x0000000008000e60                Reset_Handler
 .text.Default_Handler
                0x0000000008000eb0        0x2 ./Core/Startup/startup_stm32f072rbtx.o
                0x0000000008000eb0                TIM1_CC_IRQHandler
                0x0000000008000eb0                TSC_IRQHandler
                0x0000000008000eb0                ADC1_COMP_IRQHandler
                0x0000000008000eb0                I2C1_IRQHandler
                0x0000000008000eb0                RCC_CRS_IRQHandler
                0x0000000008000eb0                SPI1_IRQHandler
                0x0000000008000eb0                TIM6_DAC_IRQHandler
                0x0000000008000eb0                USART3_4_IRQHandler
                0x0000000008000eb0                I2C2_IRQHandler
                0x0000000008000eb0                TIM17_IRQHandler
                0x0000000008000eb0                RTC_IRQHandler
                0x0000000008000eb0                PVD_VDDIO2_IRQHandler
                0x0000000008000eb0                DMA1_Channel4_5_6_7_IRQHandler
                0x0000000008000eb0                TIM16_IRQHandler
                0x0000000008000eb0                TIM3_IRQHandler
                0x0000000008000eb0                DMA1_Channel1_IRQHandler
                0x0000000008000eb0                Default_Handler
                0x0000000008000eb0                TIM14_IRQHandler
                0x0000000008000eb0                TIM7_IRQHandler
                0x0000000008000eb0                TIM15_IRQHandler
                0x0000000008000eb0                USB_IRQHandler
                0x0000000008000eb0                SPI2_IRQHandler
                0x0000000008000eb0                WWDG_IRQHandler
                0x0000000008000eb0                TIM2_IRQHandler
                0x0000000008000eb0                DMA1_Channel2_3_IRQHandler
                0x0000000008000eb0                USART2_IRQHandler
                0x0000000008000eb0                FLASH_IRQHandler
                0x0000000008000eb0                USART1_IRQHandler
 *fill*         0x0000000008000eb2        0x2 
 .text.HAL_Init
                0x0000000008000eb4       0x20 ./Drivers/STM32F0xx_HAL_Driver/Src/stm32f0xx_hal.o
                0x0000000008000eb4                HAL_Init
 .text.HAL_IncTick
                0x0000000008000ed4       0x18 ./Drivers/STM32F0xx_HAL_Driver/Src/stm32f0xx_hal.o
                0x0000000008000ed4                HAL_IncTick
 .text.HAL_GetTick
                0x0000000008000eec        0xc ./Drivers/STM32F0xx_HAL_Driver/Src/stm32f0xx_hal.o
                0x0000000008000eec                HAL_GetTick
 .text.HAL_CAN_Init
                0x0000000008000ef8      0x112 ./Drivers/STM32F0xx_HAL_Driver/Src/stm32f0xx_hal_can.o
                0x0000000008000ef8                HAL_CAN_Init
 .text.HAL_CAN_GetRxMessage
                0x000000000800100a      0x106 ./Drivers/STM32F0xx_HAL_Driver/Src/stm32f0xx_hal_can.o
                0x000000000800100a                HAL_CAN_GetRxMessage
 .text.HAL_CAN_GetRxFifoFillLevel
                0x0000000008001110       0x20 ./Drivers/STM32F0xx_HAL_Driver/Src/stm32f0xx_hal_can.o
                0x0000000008001110                HAL_CAN_GetRxFifoFillLevel
 .text.HAL_CAN_TxMailbox0CompleteCallback
                0x0000000008001130        0x2 ./Drivers/STM32F0xx_HAL_Driver/Src/stm32f0xx_hal_can.o
                0x0000000008001130                HAL_CAN_TxMailbox0CompleteCallback
 .text.HAL_CAN_TxMailbox1CompleteCallback
                0x0000000008001132        0x2 ./Drivers/STM32F0xx_HAL_Driver/Src/stm32f0xx_hal_can.o
                0x0000000008001132                HAL_CAN_TxMailbox1CompleteCallback
 .text.HAL_CAN_TxMailbox2CompleteCallback
                0x0000000008001134        0x2 ./Drivers/STM32F0xx_HAL_Driver/Src/stm32f0xx_hal_can.o
                0x0000000008001134                HAL_CAN_TxMailbox2CompleteCallback
 .text.HAL_CAN_TxMailbox0AbortCallback
                0x0000000008001136        0x2 ./Drivers/STM32F0xx_HAL_Driver/Src/stm32f0xx_hal_can.o
                0x0000000008001136                HAL_CAN_TxMailbox0AbortCallback
 .text.HAL_CAN_TxMailbox1AbortCallback
                0x0000000008001138        0x2 ./Drivers/STM32F0xx_HAL_Driver/Src/stm32f0xx_hal_can.o
                0x0000000008001138                HAL_CAN_TxMailbox1AbortCallback
 .text.HAL_CAN_TxMailbox2AbortCallback
                0x000000000800113a        0x2 ./Drivers/STM32F0xx_HAL_Driver/Src/stm32f0xx_hal_can.o
                0x000000000800113a                HAL_CAN_TxMailbox2AbortCallback
 .text.HAL_CAN_RxFifo0MsgPendingCallback
                0x000000000800113c        0x2 ./Drivers/STM32F0xx_HAL_Driver/Src/stm32f0xx_hal_can.o
                0x000000000800113c                HAL_CAN_RxFifo0MsgPendingCallback
 .text.HAL_CAN_RxFifo0FullCallback
                0x000000000800113e        0x2 ./Drivers/STM32F0xx_HAL_Driver/Src/stm32f0xx_hal_can.o
                0x000000000800113e                HAL_CAN_RxFifo0FullCallback
 .text.HAL_CAN_RxFifo1MsgPendingCallback
                0x0000000008001140        0x2 ./Drivers/STM32F0xx_HAL_Driver/Src/stm32f0xx_hal_can.o
                0x0000000008001140                HAL_CAN_RxFifo1MsgPendingCallback
 .text.HAL_CAN_RxFifo1FullCallback
                0x0000000008001142        0x2 ./Drivers/STM32F0xx_HAL_Driver/Src/stm32f0xx_hal_can.o
                0x0000000008001142                HAL_CAN_RxFifo1FullCallback
 .text.HAL_CAN_SleepCallback
                0x0000000008001144        0x2 ./Drivers/STM32F0xx_HAL_Driver/Src/stm32f0xx_hal_can.o
                0x0000000008001144                HAL_CAN_SleepCallback
 .text.HAL_CAN_WakeUpFromRxMsgCallback
                0x0000000008001146        0x2 ./Drivers/STM32F0xx_HAL_Driver/Src/stm32f0xx_hal_can.o
                0x0000000008001146                HAL_CAN_WakeUpFromRxMsgCallback
 .text.HAL_CAN_ErrorCallback
                0x0000000008001148        0x2 ./Drivers/STM32F0xx_HAL_Driver/Src/stm32f0xx_hal_can.o
                0x0000000008001148                HAL_CAN_ErrorCallback
 .text.HAL_CAN_IRQHandler
                0x000000000800114a      0x202 ./Drivers/STM32F0xx_HAL_Driver/Src/stm32f0xx_hal_can.o
                0x000000000800114a                HAL_CAN_IRQHandler
 .text.HAL_NVIC_SetPriority
                0x000000000800134c       0x54 ./Drivers/STM32F0xx_HAL_Driver/Src/stm32f0xx_hal_cortex.o
                0x000000000800134c                HAL_NVIC_SetPriority
 .text.HAL_NVIC_EnableIRQ
                0x00000000080013a0       0x18 ./Drivers/STM32F0xx_HAL_Driver/Src/stm32f0xx_hal_cortex.o
                0x00000000080013a0                HAL_NVIC_EnableIRQ
 .text.HAL_GPIO_Init
                0x00000000080013b8      0x180 ./Drivers/STM32F0xx_HAL_Driver/Src/stm32f0xx_hal_gpio.o
                0x00000000080013b8                HAL_GPIO_Init
 .text.HAL_GPIO_ReadPin
                0x0000000008001538        0xc ./Drivers/STM32F0xx_HAL_Driver/Src/stm32f0xx_hal_gpio.o
                0x0000000008001538                HAL_GPIO_ReadPin
 .text.HAL_GPIO_WritePin
                0x0000000008001544        0xc ./Drivers/STM32F0xx_HAL_Driver/Src/stm32f0xx_hal_gpio.o
                0x0000000008001544                HAL_GPIO_WritePin
 .text.HAL_GPIO_TogglePin
                0x0000000008001550       0x10 ./Drivers/STM32F0xx_HAL_Driver/Src/stm32f0xx_hal_gpio.o
                0x0000000008001550                HAL_GPIO_TogglePin
 .text.HAL_GPIO_EXTI_IRQHandler
                0x0000000008001560       0x18 ./Drivers/STM32F0xx_HAL_Driver/Src/stm32f0xx_hal_gpio.o
                0x0000000008001560                HAL_GPIO_EXTI_IRQHandler
 .text.HAL_PCD_Init
                0x0000000008001578       0xd8 ./Drivers/STM32F0xx_HAL_Driver/Src/stm32f0xx_hal_pcd.o
                0x0000000008001578                HAL_PCD_Init
 .text.HAL_PCDEx_ActivateLPM
                0x0000000008001650       0x28 ./Drivers/STM32F0xx_HAL_Driver/Src/stm32f0xx_hal_pcd_ex.o
                0x0000000008001650                HAL_PCDEx_ActivateLPM
 .text.HAL_RCC_OscConfig
                0x0000000008001678      0x4a0 ./Drivers/STM32F0xx_HAL_Driver/Src/stm32f0xx_hal_rcc.o
                0x0000000008001678                HAL_RCC_OscConfig
 .text.HAL_RCC_GetSysClockFreq
                0x0000000008001b18       0x84 ./Drivers/STM32F0xx_HAL_Driver/Src/stm32f0xx_hal_rcc.o
                0x0000000008001b18                HAL_RCC_GetSysClockFreq
 .text.HAL_RCC_ClockConfig
                0x0000000008001b9c      0x118 ./Drivers/STM32F0xx_HAL_Driver/Src/stm32f0xx_hal_rcc.o
                0x0000000008001b9c                HAL_RCC_ClockConfig
 .text.HAL_RCC_GetPCLK1Freq
                0x0000000008001cb4       0x20 ./Drivers/STM32F0xx_HAL_Driver/Src/stm32f0xx_hal_rcc.o
                0x0000000008001cb4                HAL_RCC_GetPCLK1Freq
 .text.HAL_RCC_GetClockConfig
                0x0000000008001cd4       0x38 ./Drivers/STM32F0xx_HAL_Driver/Src/stm32f0xx_hal_rcc.o
                0x0000000008001cd4                HAL_RCC_GetClockConfig
 .text.HAL_RCCEx_PeriphCLKConfig
                0x0000000008001d0c      0x144 ./Drivers/STM32F0xx_HAL_Driver/Src/stm32f0xx_hal_rcc_ex.o
                0x0000000008001d0c                HAL_RCCEx_PeriphCLKConfig
 .text.SPI_WaitFlagStateUntilTimeout.constprop.0
                0x0000000008001e50       0xb8 ./Drivers/STM32F0xx_HAL_Driver/Src/stm32f0xx_hal_spi.o
 .text.SPI_WaitFifoStateUntilTimeout.constprop.0
                0x0000000008001f08       0xd8 ./Drivers/STM32F0xx_HAL_Driver/Src/stm32f0xx_hal_spi.o
 .text.SPI_EndRxTxTransaction
                0x0000000008001fe0       0x46 ./Drivers/STM32F0xx_HAL_Driver/Src/stm32f0xx_hal_spi.o
 *fill*         0x0000000008002026        0x2 
 .text.HAL_SPI_Init
                0x0000000008002028       0xf0 ./Drivers/STM32F0xx_HAL_Driver/Src/stm32f0xx_hal_spi.o
                0x0000000008002028                HAL_SPI_Init
 .text.HAL_SPI_TransmitReceive
                0x0000000008002118      0x20c ./Drivers/STM32F0xx_HAL_Driver/Src/stm32f0xx_hal_spi.o
                0x0000000008002118                HAL_SPI_TransmitReceive
 .text.HAL_TIM_Base_MspInit
                0x0000000008002324        0x2 ./Drivers/STM32F0xx_HAL_Driver/Src/stm32f0xx_hal_tim.o
                0x0000000008002324                HAL_TIM_Base_MspInit
 *fill*         0x0000000008002326        0x2 
 .text.HAL_TIM_Base_Start_IT
                0x0000000008002328       0x60 ./Drivers/STM32F0xx_HAL_Driver/Src/stm32f0xx_hal_tim.o
                0x0000000008002328                HAL_TIM_Base_Start_IT
 .text.HAL_TIM_OC_DelayElapsedCallback
                0x0000000008002388        0x2 ./Drivers/STM32F0xx_HAL_Driver/Src/stm32f0xx_hal_tim.o
                0x0000000008002388                HAL_TIM_OC_DelayElapsedCallback
 .text.HAL_TIM_IC_CaptureCallback
                0x000000000800238a        0x2 ./Drivers/STM32F0xx_HAL_Driver/Src/stm32f0xx_hal_tim.o
                0x000000000800238a                HAL_TIM_IC_CaptureCallback
 .text.HAL_TIM_PWM_PulseFinishedCallback
                0x000000000800238c        0x2 ./Drivers/STM32F0xx_HAL_Driver/Src/stm32f0xx_hal_tim.o
                0x000000000800238c                HAL_TIM_PWM_PulseFinishedCallback
 .text.HAL_TIM_TriggerCallback
                0x000000000800238e        0x2 ./Drivers/STM32F0xx_HAL_Driver/Src/stm32f0xx_hal_tim.o
                0x000000000800238e                HAL_TIM_TriggerCallback
 .text.HAL_TIM_IRQHandler
                0x0000000008002390      0x148 ./Drivers/STM32F0xx_HAL_Driver/Src/stm32f0xx_hal_tim.o
                0x0000000008002390                HAL_TIM_IRQHandler
 .text.TIM_Base_SetConfig
                0x00000000080024d8       0xa0 ./Drivers/STM32F0xx_HAL_Driver/Src/stm32f0xx_hal_tim.o
                0x00000000080024d8                TIM_Base_SetConfig
 .text.HAL_TIM_Base_Init
                0x0000000008002578       0x50 ./Drivers/STM32F0xx_HAL_Driver/Src/stm32f0xx_hal_tim.o
                0x0000000008002578                HAL_TIM_Base_Init
 .text.HAL_TIMEx_CommutCallback
                0x00000000080025c8        0x2 ./Drivers/STM32F0xx_HAL_Driver/Src/stm32f0xx_hal_tim_ex.o
                0x00000000080025c8                HAL_TIMEx_CommutCallback
 .text.HAL_TIMEx_BreakCallback
                0x00000000080025ca        0x2 ./Drivers/STM32F0xx_HAL_Driver/Src/stm32f0xx_hal_tim_ex.o
                0x00000000080025ca                HAL_TIMEx_BreakCallback
 .text.USB_DisableGlobalInt
                0x00000000080025cc       0x14 ./Drivers/STM32F0xx_HAL_Driver/Src/stm32f0xx_ll_usb.o
                0x00000000080025cc                USB_DisableGlobalInt
 .text.USB_DevInit
                0x00000000080025e0       0x26 ./Drivers/STM32F0xx_HAL_Driver/Src/stm32f0xx_ll_usb.o
                0x00000000080025e0                USB_DevInit
 .text._ZN11SolarGators11DataModules8SteeringD2Ev
                0x0000000008002606        0x2 ./Drivers/SolarGatorsBSP/DataModules/src/Steering.o
                0x0000000008002606                SolarGators::DataModules::Steering::~Steering()
                0x0000000008002606                SolarGators::DataModules::Steering::~Steering()
 .text._ZNK11SolarGators11DataModules8Steering11ToByteArrayEPh
                0x0000000008002608       0x5e ./Drivers/SolarGatorsBSP/DataModules/src/Steering.o
                0x0000000008002608                SolarGators::DataModules::Steering::ToByteArray(unsigned char*) const
 .text._ZN11SolarGators11DataModules8Steering13FromByteArrayEPh
                0x0000000008002666       0x56 ./Drivers/SolarGatorsBSP/DataModules/src/Steering.o
                0x0000000008002666                SolarGators::DataModules::Steering::FromByteArray(unsigned char*)
 .text._ZN11SolarGators11DataModules8SteeringD0Ev
                0x00000000080026bc        0xe ./Drivers/SolarGatorsBSP/DataModules/src/Steering.o
                0x00000000080026bc                SolarGators::DataModules::Steering::~Steering()
 *fill*         0x00000000080026ca        0x2 
 .text._ZN11SolarGators11DataModules8SteeringC2Ev
                0x00000000080026cc       0x54 ./Drivers/SolarGatorsBSP/DataModules/src/Steering.o
                0x00000000080026cc                SolarGators::DataModules::Steering::Steering()
                0x00000000080026cc                SolarGators::DataModules::Steering::Steering()
 .text._ZNK11SolarGators11DataModules8Steering17GetLeftTurnStatusEv
                0x0000000008002720        0x6 ./Drivers/SolarGatorsBSP/DataModules/src/Steering.o
                0x0000000008002720                SolarGators::DataModules::Steering::GetLeftTurnStatus() const
 .text._ZNK11SolarGators11DataModules8Steering18GetRightTurnStatusEv
                0x0000000008002726        0x6 ./Drivers/SolarGatorsBSP/DataModules/src/Steering.o
                0x0000000008002726                SolarGators::DataModules::Steering::GetRightTurnStatus() const
 .text._ZNK11SolarGators11DataModules8Steering16GetHazardsStatusEv
                0x000000000800272c        0x6 ./Drivers/SolarGatorsBSP/DataModules/src/Steering.o
                0x000000000800272c                SolarGators::DataModules::Steering::GetHazardsStatus() const
 *fill*         0x0000000008002732        0x2 
 .text._ZN11SolarGators11DataModules18SteeringControllerD2Ev
                0x0000000008002734       0x28 ./Drivers/SolarGatorsBSP/DataModules/src/SteeringController.o
                0x0000000008002734                SolarGators::DataModules::SteeringController::~SteeringController()
                0x0000000008002734                SolarGators::DataModules::SteeringController::~SteeringController()
 .text._ZN11SolarGators11DataModules18SteeringControllerD0Ev
                0x000000000800275c       0x16 ./Drivers/SolarGatorsBSP/DataModules/src/SteeringController.o
                0x000000000800275c                SolarGators::DataModules::SteeringController::~SteeringController()
 .text._ZN11SolarGators11DataModules18SteeringController13ButtonHandlerEv
                0x0000000008002772       0x58 ./Drivers/SolarGatorsBSP/DataModules/src/SteeringController.o
                0x0000000008002772                SolarGators::DataModules::SteeringController::ButtonHandler()
 .text._ZN11SolarGators10Containers3MapItNS_7Drivers6ButtonELi10EE11RightRotateEPNS4_4NodeE.isra.0
                0x00000000080027ca       0x38 ./Drivers/SolarGatorsBSP/DataModules/src/SteeringController.o
 .text._ZN11SolarGators10Containers3MapItNS_7Drivers6ButtonELi10EE10LeftRotateEPNS4_4NodeE.isra.0
                0x0000000008002802       0x38 ./Drivers/SolarGatorsBSP/DataModules/src/SteeringController.o
 *fill*         0x000000000800283a        0x2 
 .text._ZN11SolarGators11DataModules18SteeringControllerC2Ev
                0x000000000800283c       0xe0 ./Drivers/SolarGatorsBSP/DataModules/src/SteeringController.o
                0x000000000800283c                SolarGators::DataModules::SteeringController::SteeringController()
                0x000000000800283c                SolarGators::DataModules::SteeringController::SteeringController()
 .text._ZN11SolarGators11DataModules18SteeringController20EnableLeftTurnSignalEv
                0x000000000800291c       0x12 ./Drivers/SolarGatorsBSP/DataModules/src/SteeringController.o
                0x000000000800291c                SolarGators::DataModules::SteeringController::EnableLeftTurnSignal()
 .text._ZN11SolarGators11DataModules18SteeringController20ToggleLeftTurnSignalEv
                0x000000000800292e       0x18 ./Drivers/SolarGatorsBSP/DataModules/src/SteeringController.o
                0x000000000800292e                SolarGators::DataModules::SteeringController::ToggleLeftTurnSignal()
 .text._ZN11SolarGators11DataModules18SteeringController21EnableRightTurnSignalEv
                0x0000000008002946       0x12 ./Drivers/SolarGatorsBSP/DataModules/src/SteeringController.o
                0x0000000008002946                SolarGators::DataModules::SteeringController::EnableRightTurnSignal()
 .text._ZN11SolarGators11DataModules18SteeringController21ToggleRightTurnSignalEv
                0x0000000008002958       0x18 ./Drivers/SolarGatorsBSP/DataModules/src/SteeringController.o
                0x0000000008002958                SolarGators::DataModules::SteeringController::ToggleRightTurnSignal()
 .text._ZN11SolarGators11DataModules18SteeringController13ToggleHazardsEv
                0x0000000008002970       0x18 ./Drivers/SolarGatorsBSP/DataModules/src/SteeringController.o
                0x0000000008002970                SolarGators::DataModules::SteeringController::ToggleHazards()
 .text._ZN11SolarGators11DataModules18SteeringController12EnableCruiseEv
                0x0000000008002988       0x12 ./Drivers/SolarGatorsBSP/DataModules/src/SteeringController.o
                0x0000000008002988                SolarGators::DataModules::SteeringController::EnableCruise()
 .text._ZN11SolarGators11DataModules18SteeringController12ToggleCruiseEv
                0x000000000800299a       0x18 ./Drivers/SolarGatorsBSP/DataModules/src/SteeringController.o
                0x000000000800299a                SolarGators::DataModules::SteeringController::ToggleCruise()
 .text._ZN11SolarGators11DataModules18SteeringController16ToggleHeadlightsEv
                0x00000000080029b2        0xc ./Drivers/SolarGatorsBSP/DataModules/src/SteeringController.o
                0x00000000080029b2                SolarGators::DataModules::SteeringController::ToggleHeadlights()
 .text._ZN11SolarGators11DataModules18SteeringController10ToggleHornEv
                0x00000000080029be        0xc ./Drivers/SolarGatorsBSP/DataModules/src/SteeringController.o
                0x00000000080029be                SolarGators::DataModules::SteeringController::ToggleHorn()
 .text._ZN11SolarGators11DataModules18SteeringController14SetCruiseSpeedEt
                0x00000000080029ca        0xc ./Drivers/SolarGatorsBSP/DataModules/src/SteeringController.o
                0x00000000080029ca                SolarGators::DataModules::SteeringController::SetCruiseSpeed(unsigned short)
 .text._ZN11SolarGators11DataModules18SteeringController19IncreaseCruiseSpeedEv
                0x00000000080029d6       0x14 ./Drivers/SolarGatorsBSP/DataModules/src/SteeringController.o
                0x00000000080029d6                SolarGators::DataModules::SteeringController::IncreaseCruiseSpeed()
 .text._ZN11SolarGators11DataModules18SteeringController19DecreaseCruiseSpeedEv
                0x00000000080029ea       0x14 ./Drivers/SolarGatorsBSP/DataModules/src/SteeringController.o
                0x00000000080029ea                SolarGators::DataModules::SteeringController::DecreaseCruiseSpeed()
 .text._ZN11SolarGators11DataModules18SteeringController13ToggleReverseEv
                0x00000000080029fe       0x18 ./Drivers/SolarGatorsBSP/DataModules/src/SteeringController.o
                0x00000000080029fe                SolarGators::DataModules::SteeringController::ToggleReverse()
 .text._ZN11SolarGators11DataModules18SteeringController9ToggleEcoEv
                0x0000000008002a16        0xc ./Drivers/SolarGatorsBSP/DataModules/src/SteeringController.o
                0x0000000008002a16                SolarGators::DataModules::SteeringController::ToggleEco()
 .text._ZN11SolarGators11DataModules18SteeringController11HandlePressEt
                0x0000000008002a22       0x22 ./Drivers/SolarGatorsBSP/DataModules/src/SteeringController.o
                0x0000000008002a22                SolarGators::DataModules::SteeringController::HandlePress(unsigned short)
 .text._ZN11SolarGators10Containers3MapItNS_7Drivers6ButtonELi10EE7AddNodeEPNS4_4NodeES6_
                0x0000000008002a44       0x9e ./Drivers/SolarGatorsBSP/DataModules/src/SteeringController.o
                0x0000000008002a44                SolarGators::Containers::Map<unsigned short, SolarGators::Drivers::Button, 10>::AddNode(SolarGators::Containers::Map<unsigned short, SolarGators::Drivers::Button, 10>::Node*, SolarGators::Containers::Map<unsigned short, SolarGators::Drivers::Button, 10>::Node*)
 *fill*         0x0000000008002ae2        0x2 
 .text._ZN11SolarGators11DataModules18SteeringController9AddButtonEPNS_7Drivers6ButtonE
                0x0000000008002ae4       0x54 ./Drivers/SolarGatorsBSP/DataModules/src/SteeringController.o
                0x0000000008002ae4                SolarGators::DataModules::SteeringController::AddButton(SolarGators::Drivers::Button*)
 .text._Z12GetASCIICodePhh
                0x0000000008002b38       0x20 ./Drivers/SolarGatorsBSP/Drivers/src/AsciiLib.o
                0x0000000008002b38                GetASCIICode(unsigned char*, unsigned char)
 .text._ZN11SolarGators7Drivers6ButtonC2EPKcP12GPIO_TypeDeftt13GPIO_PinState
                0x0000000008002b58       0x2e ./Drivers/SolarGatorsBSP/Drivers/src/Button.o
                0x0000000008002b58                SolarGators::Drivers::Button::Button(char const*, GPIO_TypeDef*, unsigned short, unsigned short, GPIO_PinState)
                0x0000000008002b58                SolarGators::Drivers::Button::Button(char const*, GPIO_TypeDef*, unsigned short, unsigned short, GPIO_PinState)
 .text._ZN11SolarGators7Drivers6ButtonD2Ev
                0x0000000008002b86       0x14 ./Drivers/SolarGatorsBSP/Drivers/src/Button.o
                0x0000000008002b86                SolarGators::Drivers::Button::~Button()
                0x0000000008002b86                SolarGators::Drivers::Button::~Button()
 .text._ZN11SolarGators7Drivers6Button7ReadPinEv
                0x0000000008002b9a        0xc ./Drivers/SolarGatorsBSP/Drivers/src/Button.o
                0x0000000008002b9a                SolarGators::Drivers::Button::ReadPin()
 .text._ZN11SolarGators7Drivers6Button11HandlePressEv
                0x0000000008002ba6       0x4a ./Drivers/SolarGatorsBSP/Drivers/src/Button.o
                0x0000000008002ba6                SolarGators::Drivers::Button::HandlePress()
 .text._ZN11SolarGators7Drivers9CANDriverD2Ev
                0x0000000008002bf0       0x18 ./Drivers/SolarGatorsBSP/Drivers/src/CAN.o
                0x0000000008002bf0                SolarGators::Drivers::CANDriver::~CANDriver()
                0x0000000008002bf0                SolarGators::Drivers::CANDriver::~CANDriver()
 .text._ZN11SolarGators7Drivers9CANDriverD0Ev
                0x0000000008002c08       0x16 ./Drivers/SolarGatorsBSP/Drivers/src/CAN.o
                0x0000000008002c08                SolarGators::Drivers::CANDriver::~CANDriver()
 *fill*         0x0000000008002c1e        0x2 
 .text._ZN11SolarGators7Drivers9CANDriverC2ER19__CAN_HandleTypeDefm
                0x0000000008002c20       0x6c ./Drivers/SolarGatorsBSP/Drivers/src/CAN.o
                0x0000000008002c20                SolarGators::Drivers::CANDriver::CANDriver(__CAN_HandleTypeDef&, unsigned long)
                0x0000000008002c20                SolarGators::Drivers::CANDriver::CANDriver(__CAN_HandleTypeDef&, unsigned long)
 .text._ZN11SolarGators7Drivers9CANDriver13HandleReceiveEv
                0x0000000008002c8c       0x7c ./Drivers/SolarGatorsBSP/Drivers/src/CAN.o
                0x0000000008002c8c                SolarGators::Drivers::CANDriver::HandleReceive()
 .text._ZN5HY28bD2Ev
                0x0000000008002d08        0x2 ./Drivers/SolarGatorsBSP/Drivers/src/HY28b.o
                0x0000000008002d08                HY28b::~HY28b()
                0x0000000008002d08                HY28b::~HY28b()
 .text._ZN5HY28bD0Ev
                0x0000000008002d0a        0xe ./Drivers/SolarGatorsBSP/Drivers/src/HY28b.o
                0x0000000008002d0a                HY28b::~HY28b()
 .text._ZN5HY28b15SPISendRecvByteEh.isra.0
                0x0000000008002d18       0x26 ./Drivers/SolarGatorsBSP/Drivers/src/HY28b.o
 *fill*         0x0000000008002d3e        0x2 
 .text._ZN5HY28b10WriteIndexEt
                0x0000000008002d40       0x3c ./Drivers/SolarGatorsBSP/Drivers/src/HY28b.o
                0x0000000008002d40                HY28b::WriteIndex(unsigned short)
 .text._ZN5HY28b8WriteRegEtt
                0x0000000008002d7c       0x40 ./Drivers/SolarGatorsBSP/Drivers/src/HY28b.o
                0x0000000008002d7c                HY28b::WriteReg(unsigned short, unsigned short)
 .text._ZN5HY28b8SetPointEttt
                0x0000000008002dbc       0x24 ./Drivers/SolarGatorsBSP/Drivers/src/HY28b.o
                0x0000000008002dbc                HY28b::SetPoint(unsigned short, unsigned short, unsigned short)
 .text._ZN5HY28b8DrawTextEttPht
                0x0000000008002de0       0xb8 ./Drivers/SolarGatorsBSP/Drivers/src/HY28b.o
                0x0000000008002de0                HY28b::DrawText(unsigned short, unsigned short, unsigned char*, unsigned short)
 .text._ZN5HY28bC2EP19__SPI_HandleTypeDefb
                0x0000000008002e98      0x320 ./Drivers/SolarGatorsBSP/Drivers/src/HY28b.o
                0x0000000008002e98                HY28b::HY28b(__SPI_HandleTypeDef*, bool)
                0x0000000008002e98                HY28b::HY28b(__SPI_HandleTypeDef*, bool)
 .text._ZN11SolarGators7Drivers3LEDD2Ev
                0x00000000080031b8        0x2 ./Drivers/SolarGatorsBSP/Drivers/src/LED.o
                0x00000000080031b8                SolarGators::Drivers::LED::~LED()
                0x00000000080031b8                SolarGators::Drivers::LED::~LED()
 .text._ZN11SolarGators7Drivers3LEDD0Ev
                0x00000000080031ba        0xe ./Drivers/SolarGatorsBSP/Drivers/src/LED.o
                0x00000000080031ba                SolarGators::Drivers::LED::~LED()
 .text._ZN11SolarGators7Drivers3LED7TurnOffEv
                0x00000000080031c8       0x14 ./Drivers/SolarGatorsBSP/Drivers/src/LED.o
                0x00000000080031c8                SolarGators::Drivers::LED::TurnOff()
 .text._ZN11SolarGators7Drivers3LEDC2EPKcP12GPIO_TypeDeft
                0x00000000080031dc       0x24 ./Drivers/SolarGatorsBSP/Drivers/src/LED.o
                0x00000000080031dc                SolarGators::Drivers::LED::LED(char const*, GPIO_TypeDef*, unsigned short)
                0x00000000080031dc                SolarGators::Drivers::LED::LED(char const*, GPIO_TypeDef*, unsigned short)
 .text._ZN11SolarGators7Drivers3LED6ToggleEv
                0x0000000008003200       0x16 ./Drivers/SolarGatorsBSP/Drivers/src/LED.o
                0x0000000008003200                SolarGators::Drivers::LED::Toggle()
 .text.TimerCallback
                0x0000000008003216       0x12 ./Middlewares/Third_Party/FreeRTOS/Source/CMSIS_RTOS_V2/cmsis_os2.o
 .text.osKernelInitialize
                0x0000000008003228       0x34 ./Middlewares/Third_Party/FreeRTOS/Source/CMSIS_RTOS_V2/cmsis_os2.o
                0x0000000008003228                osKernelInitialize
 .text.osKernelStart
                0x000000000800325c       0x3c ./Middlewares/Third_Party/FreeRTOS/Source/CMSIS_RTOS_V2/cmsis_os2.o
                0x000000000800325c                osKernelStart
 .text.osKernelGetTickCount
                0x0000000008003298       0x2c ./Middlewares/Third_Party/FreeRTOS/Source/CMSIS_RTOS_V2/cmsis_os2.o
                0x0000000008003298                osKernelGetTickCount
 .text.osThreadNew
                0x00000000080032c4       0xc8 ./Middlewares/Third_Party/FreeRTOS/Source/CMSIS_RTOS_V2/cmsis_os2.o
                0x00000000080032c4                osThreadNew
 .text.osDelay  0x000000000800338c       0x34 ./Middlewares/Third_Party/FreeRTOS/Source/CMSIS_RTOS_V2/cmsis_os2.o
                0x000000000800338c                osDelay
 .text.osTimerNew
                0x00000000080033c0       0x7c ./Middlewares/Third_Party/FreeRTOS/Source/CMSIS_RTOS_V2/cmsis_os2.o
                0x00000000080033c0                osTimerNew
 .text.osTimerStart
                0x000000000800343c       0x44 ./Middlewares/Third_Party/FreeRTOS/Source/CMSIS_RTOS_V2/cmsis_os2.o
                0x000000000800343c                osTimerStart
 .text.osTimerDelete
                0x0000000008003480       0x58 ./Middlewares/Third_Party/FreeRTOS/Source/CMSIS_RTOS_V2/cmsis_os2.o
                0x0000000008003480                osTimerDelete
 .text.osEventFlagsNew
                0x00000000080034d8       0x44 ./Middlewares/Third_Party/FreeRTOS/Source/CMSIS_RTOS_V2/cmsis_os2.o
                0x00000000080034d8                osEventFlagsNew
 .text.osEventFlagsSet
                0x000000000800351c       0x64 ./Middlewares/Third_Party/FreeRTOS/Source/CMSIS_RTOS_V2/cmsis_os2.o
                0x000000000800351c                osEventFlagsSet
 .text.osEventFlagsWait
                0x0000000008003580       0x64 ./Middlewares/Third_Party/FreeRTOS/Source/CMSIS_RTOS_V2/cmsis_os2.o
                0x0000000008003580                osEventFlagsWait
 .text.osEventFlagsDelete
                0x00000000080035e4       0x34 ./Middlewares/Third_Party/FreeRTOS/Source/CMSIS_RTOS_V2/cmsis_os2.o
                0x00000000080035e4                osEventFlagsDelete
 .text.osMutexNew
                0x0000000008003618       0x80 ./Middlewares/Third_Party/FreeRTOS/Source/CMSIS_RTOS_V2/cmsis_os2.o
                0x0000000008003618                osMutexNew
 .text.osMutexAcquire
                0x0000000008003698       0x58 ./Middlewares/Third_Party/FreeRTOS/Source/CMSIS_RTOS_V2/cmsis_os2.o
                0x0000000008003698                osMutexAcquire
 .text.osMutexRelease
                0x00000000080036f0       0x54 ./Middlewares/Third_Party/FreeRTOS/Source/CMSIS_RTOS_V2/cmsis_os2.o
                0x00000000080036f0                osMutexRelease
 .text.osSemaphoreGetCount
                0x0000000008003744       0x34 ./Middlewares/Third_Party/FreeRTOS/Source/CMSIS_RTOS_V2/cmsis_os2.o
                0x0000000008003744                osSemaphoreGetCount
 .text.osSemaphoreDelete
                0x0000000008003778       0x40 ./Middlewares/Third_Party/FreeRTOS/Source/CMSIS_RTOS_V2/cmsis_os2.o
                0x0000000008003778                osSemaphoreDelete
 .text.osMessageQueueNew
                0x00000000080037b8       0x88 ./Middlewares/Third_Party/FreeRTOS/Source/CMSIS_RTOS_V2/cmsis_os2.o
                0x00000000080037b8                osMessageQueueNew
 .text.osMessageQueuePut
                0x0000000008003840       0x78 ./Middlewares/Third_Party/FreeRTOS/Source/CMSIS_RTOS_V2/cmsis_os2.o
                0x0000000008003840                osMessageQueuePut
 .text.osMessageQueueGet
                0x00000000080038b8       0x74 ./Middlewares/Third_Party/FreeRTOS/Source/CMSIS_RTOS_V2/cmsis_os2.o
                0x00000000080038b8                osMessageQueueGet
 .text.osMessageQueueGetCount
                0x000000000800392c        0x8 ./Middlewares/Third_Party/FreeRTOS/Source/CMSIS_RTOS_V2/cmsis_os2.o
                0x000000000800392c                osMessageQueueGetCount
 .text.osMessageQueueDelete
                0x0000000008003934        0x8 ./Middlewares/Third_Party/FreeRTOS/Source/CMSIS_RTOS_V2/cmsis_os2.o
                0x0000000008003934                osMessageQueueDelete
 .text.vApplicationGetIdleTaskMemory
                0x000000000800393c       0x18 ./Middlewares/Third_Party/FreeRTOS/Source/CMSIS_RTOS_V2/cmsis_os2.o
                0x000000000800393c                vApplicationGetIdleTaskMemory
 .text.vApplicationGetTimerTaskMemory
                0x0000000008003954       0x18 ./Middlewares/Third_Party/FreeRTOS/Source/CMSIS_RTOS_V2/cmsis_os2.o
                0x0000000008003954                vApplicationGetTimerTaskMemory
 .text.xEventGroupCreateStatic
                0x000000000800396c       0x28 ./Middlewares/Third_Party/FreeRTOS/Source/event_groups.o
                0x000000000800396c                xEventGroupCreateStatic
 .text.xEventGroupCreate
                0x0000000008003994       0x1a ./Middlewares/Third_Party/FreeRTOS/Source/event_groups.o
                0x0000000008003994                xEventGroupCreate
 .text.xEventGroupWaitBits
                0x00000000080039ae       0xd4 ./Middlewares/Third_Party/FreeRTOS/Source/event_groups.o
                0x00000000080039ae                xEventGroupWaitBits
 .text.xEventGroupSetBits
                0x0000000008003a82       0x7a ./Middlewares/Third_Party/FreeRTOS/Source/event_groups.o
                0x0000000008003a82                xEventGroupSetBits
 .text.vEventGroupSetBitsCallback
                0x0000000008003afc        0x8 ./Middlewares/Third_Party/FreeRTOS/Source/event_groups.o
                0x0000000008003afc                vEventGroupSetBitsCallback
 .text.vEventGroupDelete
                0x0000000008003b04       0x3a ./Middlewares/Third_Party/FreeRTOS/Source/event_groups.o
                0x0000000008003b04                vEventGroupDelete
 *fill*         0x0000000008003b3e        0x2 
 .text.xEventGroupSetBitsFromISR
                0x0000000008003b40       0x14 ./Middlewares/Third_Party/FreeRTOS/Source/event_groups.o
                0x0000000008003b40                xEventGroupSetBitsFromISR
 .text.vListInitialise
                0x0000000008003b54       0x16 ./Middlewares/Third_Party/FreeRTOS/Source/list.o
                0x0000000008003b54                vListInitialise
 .text.vListInitialiseItem
                0x0000000008003b6a        0x6 ./Middlewares/Third_Party/FreeRTOS/Source/list.o
                0x0000000008003b6a                vListInitialiseItem
 .text.vListInsertEnd
                0x0000000008003b70       0x18 ./Middlewares/Third_Party/FreeRTOS/Source/list.o
                0x0000000008003b70                vListInsertEnd
 .text.vListInsert
                0x0000000008003b88       0x2e ./Middlewares/Third_Party/FreeRTOS/Source/list.o
                0x0000000008003b88                vListInsert
 .text.uxListRemove
                0x0000000008003bb6       0x20 ./Middlewares/Third_Party/FreeRTOS/Source/list.o
                0x0000000008003bb6                uxListRemove
 .text.prvIsQueueEmpty
                0x0000000008003bd6       0x14 ./Middlewares/Third_Party/FreeRTOS/Source/queue.o
 .text.prvCopyDataToQueue
                0x0000000008003bea       0x76 ./Middlewares/Third_Party/FreeRTOS/Source/queue.o
 .text.prvCopyDataFromQueue
                0x0000000008003c60       0x24 ./Middlewares/Third_Party/FreeRTOS/Source/queue.o
 .text.prvUnlockQueue
                0x0000000008003c84       0x6a ./Middlewares/Third_Party/FreeRTOS/Source/queue.o
 .text.xQueueGenericReset
                0x0000000008003cee       0x68 ./Middlewares/Third_Party/FreeRTOS/Source/queue.o
                0x0000000008003cee                xQueueGenericReset
 .text.xQueueGenericCreateStatic
                0x0000000008003d56       0x60 ./Middlewares/Third_Party/FreeRTOS/Source/queue.o
                0x0000000008003d56                xQueueGenericCreateStatic
 .text.xQueueGenericCreate
                0x0000000008003db6       0x46 ./Middlewares/Third_Party/FreeRTOS/Source/queue.o
                0x0000000008003db6                xQueueGenericCreate
 .text.xQueueGenericSend
                0x0000000008003dfc      0x120 ./Middlewares/Third_Party/FreeRTOS/Source/queue.o
                0x0000000008003dfc                xQueueGenericSend
 .text.xQueueCreateMutexStatic
                0x0000000008003f1c       0x28 ./Middlewares/Third_Party/FreeRTOS/Source/queue.o
                0x0000000008003f1c                xQueueCreateMutexStatic
 .text.xQueueGiveMutexRecursive
                0x0000000008003f44       0x30 ./Middlewares/Third_Party/FreeRTOS/Source/queue.o
                0x0000000008003f44                xQueueGiveMutexRecursive
 .text.xQueueCreateMutex
                0x0000000008003f74       0x3e ./Middlewares/Third_Party/FreeRTOS/Source/queue.o
                0x0000000008003f74                xQueueCreateMutex
 .text.xQueueGenericSendFromISR
                0x0000000008003fb2       0x92 ./Middlewares/Third_Party/FreeRTOS/Source/queue.o
                0x0000000008003fb2                xQueueGenericSendFromISR
 .text.xQueueReceive
                0x0000000008004044      0x10a ./Middlewares/Third_Party/FreeRTOS/Source/queue.o
                0x0000000008004044                xQueueReceive
 .text.xQueueSemaphoreTake
                0x000000000800414e      0x14c ./Middlewares/Third_Party/FreeRTOS/Source/queue.o
                0x000000000800414e                xQueueSemaphoreTake
 .text.xQueueTakeMutexRecursive
                0x000000000800429a       0x36 ./Middlewares/Third_Party/FreeRTOS/Source/queue.o
                0x000000000800429a                xQueueTakeMutexRecursive
 .text.xQueueReceiveFromISR
                0x00000000080042d0       0x80 ./Middlewares/Third_Party/FreeRTOS/Source/queue.o
                0x00000000080042d0                xQueueReceiveFromISR
 .text.uxQueueMessagesWaiting
                0x0000000008004350       0x18 ./Middlewares/Third_Party/FreeRTOS/Source/queue.o
                0x0000000008004350                uxQueueMessagesWaiting
 .text.uxQueueMessagesWaitingFromISR
                0x0000000008004368        0xc ./Middlewares/Third_Party/FreeRTOS/Source/queue.o
                0x0000000008004368                uxQueueMessagesWaitingFromISR
 .text.vQueueAddToRegistry
                0x0000000008004374       0x24 ./Middlewares/Third_Party/FreeRTOS/Source/queue.o
                0x0000000008004374                vQueueAddToRegistry
 .text.vQueueUnregisterQueue
                0x0000000008004398       0x28 ./Middlewares/Third_Party/FreeRTOS/Source/queue.o
                0x0000000008004398                vQueueUnregisterQueue
 .text.vQueueDelete
                0x00000000080043c0       0x20 ./Middlewares/Third_Party/FreeRTOS/Source/queue.o
                0x00000000080043c0                vQueueDelete
 .text.vQueueWaitForMessageRestricted
                0x00000000080043e0       0x4a ./Middlewares/Third_Party/FreeRTOS/Source/queue.o
                0x00000000080043e0                vQueueWaitForMessageRestricted
 *fill*         0x000000000800442a        0x2 
 .text.prvAddNewTaskToReadyList
                0x000000000800442c       0xe8 ./Middlewares/Third_Party/FreeRTOS/Source/tasks.o
 .text.prvResetNextTaskUnblockTime
                0x0000000008004514       0x28 ./Middlewares/Third_Party/FreeRTOS/Source/tasks.o
 .text.prvInitialiseNewTask.isra.0
                0x000000000800453c       0xa8 ./Middlewares/Third_Party/FreeRTOS/Source/tasks.o
 .text.prvDeleteTCB
                0x00000000080045e4       0x2e ./Middlewares/Third_Party/FreeRTOS/Source/tasks.o
 *fill*         0x0000000008004612        0x2 
 .text.prvIdleTask
                0x0000000008004614       0x54 ./Middlewares/Third_Party/FreeRTOS/Source/tasks.o
 .text.prvAddCurrentTaskToDelayedList
                0x0000000008004668       0x70 ./Middlewares/Third_Party/FreeRTOS/Source/tasks.o
 .text.xTaskCreateStatic
                0x00000000080046d8       0x4a ./Middlewares/Third_Party/FreeRTOS/Source/tasks.o
                0x00000000080046d8                xTaskCreateStatic
 .text.xTaskCreate
                0x0000000008004722       0x58 ./Middlewares/Third_Party/FreeRTOS/Source/tasks.o
                0x0000000008004722                xTaskCreate
 *fill*         0x000000000800477a        0x2 
 .text.vTaskStartScheduler
                0x000000000800477c       0x80 ./Middlewares/Third_Party/FreeRTOS/Source/tasks.o
                0x000000000800477c                vTaskStartScheduler
 .text.vTaskSuspendAll
                0x00000000080047fc       0x10 ./Middlewares/Third_Party/FreeRTOS/Source/tasks.o
                0x00000000080047fc                vTaskSuspendAll
 .text.xTaskGetTickCount
                0x000000000800480c        0xc ./Middlewares/Third_Party/FreeRTOS/Source/tasks.o
                0x000000000800480c                xTaskGetTickCount
 .text.xTaskGetTickCountFromISR
                0x0000000008004818        0xc ./Middlewares/Third_Party/FreeRTOS/Source/tasks.o
                0x0000000008004818                xTaskGetTickCountFromISR
 .text.xTaskIncrementTick
                0x0000000008004824      0x100 ./Middlewares/Third_Party/FreeRTOS/Source/tasks.o
                0x0000000008004824                xTaskIncrementTick
 .text.xTaskResumeAll
                0x0000000008004924       0xd0 ./Middlewares/Third_Party/FreeRTOS/Source/tasks.o
                0x0000000008004924                xTaskResumeAll
 .text.vTaskDelay
                0x00000000080049f4       0x34 ./Middlewares/Third_Party/FreeRTOS/Source/tasks.o
                0x00000000080049f4                vTaskDelay
 .text.vTaskSwitchContext
                0x0000000008004a28       0x78 ./Middlewares/Third_Party/FreeRTOS/Source/tasks.o
                0x0000000008004a28                vTaskSwitchContext
 .text.vTaskPlaceOnEventList
                0x0000000008004aa0       0x24 ./Middlewares/Third_Party/FreeRTOS/Source/tasks.o
                0x0000000008004aa0                vTaskPlaceOnEventList
 .text.vTaskPlaceOnUnorderedEventList
                0x0000000008004ac4       0x40 ./Middlewares/Third_Party/FreeRTOS/Source/tasks.o
                0x0000000008004ac4                vTaskPlaceOnUnorderedEventList
 .text.vTaskPlaceOnEventListRestricted
                0x0000000008004b04       0x30 ./Middlewares/Third_Party/FreeRTOS/Source/tasks.o
                0x0000000008004b04                vTaskPlaceOnEventListRestricted
 .text.xTaskRemoveFromEventList
                0x0000000008004b34       0x78 ./Middlewares/Third_Party/FreeRTOS/Source/tasks.o
                0x0000000008004b34                xTaskRemoveFromEventList
 .text.vTaskRemoveFromUnorderedEventList
                0x0000000008004bac       0x70 ./Middlewares/Third_Party/FreeRTOS/Source/tasks.o
                0x0000000008004bac                vTaskRemoveFromUnorderedEventList
 .text.vTaskInternalSetTimeOutState
                0x0000000008004c1c       0x18 ./Middlewares/Third_Party/FreeRTOS/Source/tasks.o
                0x0000000008004c1c                vTaskInternalSetTimeOutState
 .text.xTaskCheckForTimeOut
                0x0000000008004c34       0x64 ./Middlewares/Third_Party/FreeRTOS/Source/tasks.o
                0x0000000008004c34                xTaskCheckForTimeOut
 .text.vTaskMissedYield
                0x0000000008004c98        0xc ./Middlewares/Third_Party/FreeRTOS/Source/tasks.o
                0x0000000008004c98                vTaskMissedYield
 .text.xTaskGetCurrentTaskHandle
                0x0000000008004ca4        0xc ./Middlewares/Third_Party/FreeRTOS/Source/tasks.o
                0x0000000008004ca4                xTaskGetCurrentTaskHandle
 .text.xTaskGetSchedulerState
                0x0000000008004cb0       0x20 ./Middlewares/Third_Party/FreeRTOS/Source/tasks.o
                0x0000000008004cb0                xTaskGetSchedulerState
 .text.xTaskPriorityInherit
                0x0000000008004cd0       0x7c ./Middlewares/Third_Party/FreeRTOS/Source/tasks.o
                0x0000000008004cd0                xTaskPriorityInherit
 .text.xTaskPriorityDisinherit
                0x0000000008004d4c       0x6c ./Middlewares/Third_Party/FreeRTOS/Source/tasks.o
                0x0000000008004d4c                xTaskPriorityDisinherit
 .text.vTaskPriorityDisinheritAfterTimeout
                0x0000000008004db8       0x78 ./Middlewares/Third_Party/FreeRTOS/Source/tasks.o
                0x0000000008004db8                vTaskPriorityDisinheritAfterTimeout
 .text.uxTaskResetEventItemValue
                0x0000000008004e30       0x18 ./Middlewares/Third_Party/FreeRTOS/Source/tasks.o
                0x0000000008004e30                uxTaskResetEventItemValue
 .text.pvTaskIncrementMutexHeldCount
                0x0000000008004e48       0x18 ./Middlewares/Third_Party/FreeRTOS/Source/tasks.o
                0x0000000008004e48                pvTaskIncrementMutexHeldCount
 .text.prvCheckForValidListAndQueue
                0x0000000008004e60       0x68 ./Middlewares/Third_Party/FreeRTOS/Source/timers.o
 .text.prvInsertTimerInActiveList
                0x0000000008004ec8       0x3c ./Middlewares/Third_Party/FreeRTOS/Source/timers.o
 .text.xTimerCreateTimerTask
                0x0000000008004f04       0x5c ./Middlewares/Third_Party/FreeRTOS/Source/timers.o
                0x0000000008004f04                xTimerCreateTimerTask
 .text.xTimerCreate
                0x0000000008004f60       0x40 ./Middlewares/Third_Party/FreeRTOS/Source/timers.o
                0x0000000008004f60                xTimerCreate
 .text.xTimerCreateStatic
                0x0000000008004fa0       0x52 ./Middlewares/Third_Party/FreeRTOS/Source/timers.o
                0x0000000008004fa0                xTimerCreateStatic
 *fill*         0x0000000008004ff2        0x2 
 .text.xTimerGenericCommand
                0x0000000008004ff4       0x4c ./Middlewares/Third_Party/FreeRTOS/Source/timers.o
                0x0000000008004ff4                xTimerGenericCommand
 .text.prvSwitchTimerLists
                0x0000000008005040       0x64 ./Middlewares/Third_Party/FreeRTOS/Source/timers.o
 .text.prvTimerTask
                0x00000000080050a4      0x188 ./Middlewares/Third_Party/FreeRTOS/Source/timers.o
 .text.pvTimerGetTimerID
                0x000000000800522c       0x18 ./Middlewares/Third_Party/FreeRTOS/Source/timers.o
                0x000000000800522c                pvTimerGetTimerID
 .text.xTimerPendFunctionCallFromISR
                0x0000000008005244       0x28 ./Middlewares/Third_Party/FreeRTOS/Source/timers.o
                0x0000000008005244                xTimerPendFunctionCallFromISR
 .text.prvTaskExitError
                0x000000000800526c       0x24 ./Middlewares/Third_Party/FreeRTOS/Source/portable/GCC/ARM_CM0/port.o
 .text.vPortStartFirstTask
                0x0000000008005290       0x34 ./Middlewares/Third_Party/FreeRTOS/Source/portable/GCC/ARM_CM0/port.o
 .text.pxPortInitialiseStack
                0x00000000080052c4       0x20 ./Middlewares/Third_Party/FreeRTOS/Source/portable/GCC/ARM_CM0/port.o
                0x00000000080052c4                pxPortInitialiseStack
 .text.SVC_Handler
                0x00000000080052e4        0x2 ./Middlewares/Third_Party/FreeRTOS/Source/portable/GCC/ARM_CM0/port.o
                0x00000000080052e4                SVC_Handler
 *fill*         0x00000000080052e6        0x2 
 .text.xPortStartScheduler
                0x00000000080052e8       0x64 ./Middlewares/Third_Party/FreeRTOS/Source/portable/GCC/ARM_CM0/port.o
                0x00000000080052e8                xPortStartScheduler
 .text.vPortYield
                0x000000000800534c       0x18 ./Middlewares/Third_Party/FreeRTOS/Source/portable/GCC/ARM_CM0/port.o
                0x000000000800534c                vPortYield
 .text.vPortEnterCritical
                0x0000000008005364       0x18 ./Middlewares/Third_Party/FreeRTOS/Source/portable/GCC/ARM_CM0/port.o
                0x0000000008005364                vPortEnterCritical
 .text.vPortExitCritical
                0x000000000800537c       0x1c ./Middlewares/Third_Party/FreeRTOS/Source/portable/GCC/ARM_CM0/port.o
                0x000000000800537c                vPortExitCritical
 .text.ulSetInterruptMaskFromISR
                0x0000000008005398        0x8 ./Middlewares/Third_Party/FreeRTOS/Source/portable/GCC/ARM_CM0/port.o
                0x0000000008005398                ulSetInterruptMaskFromISR
 .text.vClearInterruptMaskFromISR
                0x00000000080053a0        0x6 ./Middlewares/Third_Party/FreeRTOS/Source/portable/GCC/ARM_CM0/port.o
                0x00000000080053a0                vClearInterruptMaskFromISR
 *fill*         0x00000000080053a6        0xa 
 .text.PendSV_Handler
                0x00000000080053b0       0x44 ./Middlewares/Third_Party/FreeRTOS/Source/portable/GCC/ARM_CM0/port.o
                0x00000000080053b0                PendSV_Handler
 .text.SysTick_Handler
                0x00000000080053f4       0x24 ./Middlewares/Third_Party/FreeRTOS/Source/portable/GCC/ARM_CM0/port.o
                0x00000000080053f4                SysTick_Handler
 .text.prvInsertBlockIntoFreeList
                0x0000000008005418       0x48 ./Middlewares/Third_Party/FreeRTOS/Source/portable/MemMang/heap_4.o
 .text.pvPortMalloc
                0x0000000008005460       0xfc ./Middlewares/Third_Party/FreeRTOS/Source/portable/MemMang/heap_4.o
                0x0000000008005460                pvPortMalloc
 .text.vPortFree
                0x000000000800555c       0x48 ./Middlewares/Third_Party/FreeRTOS/Source/portable/MemMang/heap_4.o
                0x000000000800555c                vPortFree
 .text._ZdlPvj  0x00000000080055a4        0x8 c:/st/stm32cubeide_1.1.0/stm32cubeide/plugins/com.st.stm32cube.ide.mcu.externaltools.gnu-tools-for-stm32.9-2020-q2-update.win32_2.0.0.202105311346/tools/bin/../lib/gcc/arm-none-eabi/9.3.1/../../../../arm-none-eabi/lib/thumb/v6-m/nofp\libstdc++_nano.a(del_ops.o)
                0x00000000080055a4                operator delete(void*, unsigned int)
 .text._Znwj    0x00000000080055ac       0x24 c:/st/stm32cubeide_1.1.0/stm32cubeide/plugins/com.st.stm32cube.ide.mcu.externaltools.gnu-tools-for-stm32.9-2020-q2-update.win32_2.0.0.202105311346/tools/bin/../lib/gcc/arm-none-eabi/9.3.1/../../../../arm-none-eabi/lib/thumb/v6-m/nofp\libstdc++_nano.a(new_op.o)
                0x00000000080055ac                operator new(unsigned int)
 .text.__cxa_pure_virtual
                0x00000000080055d0        0x6 c:/st/stm32cubeide_1.1.0/stm32cubeide/plugins/com.st.stm32cube.ide.mcu.externaltools.gnu-tools-for-stm32.9-2020-q2-update.win32_2.0.0.202105311346/tools/bin/../lib/gcc/arm-none-eabi/9.3.1/../../../../arm-none-eabi/lib/thumb/v6-m/nofp\libstdc++_nano.a(pure.o)
                0x00000000080055d0                __cxa_pure_virtual
 .text._ZdlPv   0x00000000080055d6        0x8 c:/st/stm32cubeide_1.1.0/stm32cubeide/plugins/com.st.stm32cube.ide.mcu.externaltools.gnu-tools-for-stm32.9-2020-q2-update.win32_2.0.0.202105311346/tools/bin/../lib/gcc/arm-none-eabi/9.3.1/../../../../arm-none-eabi/lib/thumb/v6-m/nofp\libstdc++_nano.a(del_op.o)
                0x00000000080055d6                operator delete(void*)
 .text._ZN10__cxxabiv111__terminateEPFvvE
                0x00000000080055de        0x8 c:/st/stm32cubeide_1.1.0/stm32cubeide/plugins/com.st.stm32cube.ide.mcu.externaltools.gnu-tools-for-stm32.9-2020-q2-update.win32_2.0.0.202105311346/tools/bin/../lib/gcc/arm-none-eabi/9.3.1/../../../../arm-none-eabi/lib/thumb/v6-m/nofp\libstdc++_nano.a(eh_terminate.o)
                0x00000000080055de                __cxxabiv1::__terminate(void (*)())
 *fill*         0x00000000080055e6        0x2 
 .text._ZSt9terminatev
                0x00000000080055e8       0x10 c:/st/stm32cubeide_1.1.0/stm32cubeide/plugins/com.st.stm32cube.ide.mcu.externaltools.gnu-tools-for-stm32.9-2020-q2-update.win32_2.0.0.202105311346/tools/bin/../lib/gcc/arm-none-eabi/9.3.1/../../../../arm-none-eabi/lib/thumb/v6-m/nofp\libstdc++_nano.a(eh_terminate.o)
                0x00000000080055e8                std::terminate()
 .text._ZSt15get_new_handlerv
                0x00000000080055f8        0xc c:/st/stm32cubeide_1.1.0/stm32cubeide/plugins/com.st.stm32cube.ide.mcu.externaltools.gnu-tools-for-stm32.9-2020-q2-update.win32_2.0.0.202105311346/tools/bin/../lib/gcc/arm-none-eabi/9.3.1/../../../../arm-none-eabi/lib/thumb/v6-m/nofp\libstdc++_nano.a(new_handler.o)
                0x00000000080055f8                std::get_new_handler()
 .text.abort    0x0000000008005604        0xe c:/st/stm32cubeide_1.1.0/stm32cubeide/plugins/com.st.stm32cube.ide.mcu.externaltools.gnu-tools-for-stm32.9-2020-q2-update.win32_2.0.0.202105311346/tools/bin/../lib/gcc/arm-none-eabi/9.3.1/../../../../arm-none-eabi/lib/thumb/v6-m/nofp\libc_nano.a(lib_a-abort.o)
                0x0000000008005604                abort
 *fill*         0x0000000008005612        0x2 
 .text.__errno  0x0000000008005614        0xc c:/st/stm32cubeide_1.1.0/stm32cubeide/plugins/com.st.stm32cube.ide.mcu.externaltools.gnu-tools-for-stm32.9-2020-q2-update.win32_2.0.0.202105311346/tools/bin/../lib/gcc/arm-none-eabi/9.3.1/../../../../arm-none-eabi/lib/thumb/v6-m/nofp\libc_nano.a(lib_a-errno.o)
                0x0000000008005614                __errno
 .text.__libc_init_array
                0x0000000008005620       0x48 c:/st/stm32cubeide_1.1.0/stm32cubeide/plugins/com.st.stm32cube.ide.mcu.externaltools.gnu-tools-for-stm32.9-2020-q2-update.win32_2.0.0.202105311346/tools/bin/../lib/gcc/arm-none-eabi/9.3.1/../../../../arm-none-eabi/lib/thumb/v6-m/nofp\libc_nano.a(lib_a-init.o)
                0x0000000008005620                __libc_init_array
 .text.__retarget_lock_acquire_recursive
                0x0000000008005668        0x2 c:/st/stm32cubeide_1.1.0/stm32cubeide/plugins/com.st.stm32cube.ide.mcu.externaltools.gnu-tools-for-stm32.9-2020-q2-update.win32_2.0.0.202105311346/tools/bin/../lib/gcc/arm-none-eabi/9.3.1/../../../../arm-none-eabi/lib/thumb/v6-m/nofp\libc_nano.a(lib_a-lock.o)
                0x0000000008005668                __retarget_lock_acquire_recursive
 .text.__retarget_lock_release_recursive
                0x000000000800566a        0x2 c:/st/stm32cubeide_1.1.0/stm32cubeide/plugins/com.st.stm32cube.ide.mcu.externaltools.gnu-tools-for-stm32.9-2020-q2-update.win32_2.0.0.202105311346/tools/bin/../lib/gcc/arm-none-eabi/9.3.1/../../../../arm-none-eabi/lib/thumb/v6-m/nofp\libc_nano.a(lib_a-lock.o)
                0x000000000800566a                __retarget_lock_release_recursive
 .text.malloc   0x000000000800566c       0x14 c:/st/stm32cubeide_1.1.0/stm32cubeide/plugins/com.st.stm32cube.ide.mcu.externaltools.gnu-tools-for-stm32.9-2020-q2-update.win32_2.0.0.202105311346/tools/bin/../lib/gcc/arm-none-eabi/9.3.1/../../../../arm-none-eabi/lib/thumb/v6-m/nofp\libc_nano.a(lib_a-malloc.o)
                0x000000000800566c                malloc
 .text.free     0x0000000008005680       0x14 c:/st/stm32cubeide_1.1.0/stm32cubeide/plugins/com.st.stm32cube.ide.mcu.externaltools.gnu-tools-for-stm32.9-2020-q2-update.win32_2.0.0.202105311346/tools/bin/../lib/gcc/arm-none-eabi/9.3.1/../../../../arm-none-eabi/lib/thumb/v6-m/nofp\libc_nano.a(lib_a-malloc.o)
                0x0000000008005680                free
 .text.memcpy   0x0000000008005694       0x12 c:/st/stm32cubeide_1.1.0/stm32cubeide/plugins/com.st.stm32cube.ide.mcu.externaltools.gnu-tools-for-stm32.9-2020-q2-update.win32_2.0.0.202105311346/tools/bin/../lib/gcc/arm-none-eabi/9.3.1/../../../../arm-none-eabi/lib/thumb/v6-m/nofp\libc_nano.a(lib_a-memcpy-stub.o)
                0x0000000008005694                memcpy
 .text.memset   0x00000000080056a6       0x10 c:/st/stm32cubeide_1.1.0/stm32cubeide/plugins/com.st.stm32cube.ide.mcu.externaltools.gnu-tools-for-stm32.9-2020-q2-update.win32_2.0.0.202105311346/tools/bin/../lib/gcc/arm-none-eabi/9.3.1/../../../../arm-none-eabi/lib/thumb/v6-m/nofp\libc_nano.a(lib_a-memset.o)
                0x00000000080056a6                memset
 *fill*         0x00000000080056b6        0x2 
 .text._free_r  0x00000000080056b8       0x94 c:/st/stm32cubeide_1.1.0/stm32cubeide/plugins/com.st.stm32cube.ide.mcu.externaltools.gnu-tools-for-stm32.9-2020-q2-update.win32_2.0.0.202105311346/tools/bin/../lib/gcc/arm-none-eabi/9.3.1/../../../../arm-none-eabi/lib/thumb/v6-m/nofp\libc_nano.a(lib_a-nano-freer.o)
                0x00000000080056b8                _free_r
 .text._malloc_r
                0x000000000800574c       0xbc c:/st/stm32cubeide_1.1.0/stm32cubeide/plugins/com.st.stm32cube.ide.mcu.externaltools.gnu-tools-for-stm32.9-2020-q2-update.win32_2.0.0.202105311346/tools/bin/../lib/gcc/arm-none-eabi/9.3.1/../../../../arm-none-eabi/lib/thumb/v6-m/nofp\libc_nano.a(lib_a-nano-mallocr.o)
                0x000000000800574c                _malloc_r
 .text.cleanup_glue
                0x0000000008005808       0x1a c:/st/stm32cubeide_1.1.0/stm32cubeide/plugins/com.st.stm32cube.ide.mcu.externaltools.gnu-tools-for-stm32.9-2020-q2-update.win32_2.0.0.202105311346/tools/bin/../lib/gcc/arm-none-eabi/9.3.1/../../../../arm-none-eabi/lib/thumb/v6-m/nofp\libc_nano.a(lib_a-reent.o)
                0x0000000008005808                cleanup_glue
 *fill*         0x0000000008005822        0x2 
 .text._reclaim_reent
                0x0000000008005824       0xcc c:/st/stm32cubeide_1.1.0/stm32cubeide/plugins/com.st.stm32cube.ide.mcu.externaltools.gnu-tools-for-stm32.9-2020-q2-update.win32_2.0.0.202105311346/tools/bin/../lib/gcc/arm-none-eabi/9.3.1/../../../../arm-none-eabi/lib/thumb/v6-m/nofp\libc_nano.a(lib_a-reent.o)
                0x0000000008005824                _reclaim_reent
 .text._sbrk_r  0x00000000080058f0       0x24 c:/st/stm32cubeide_1.1.0/stm32cubeide/plugins/com.st.stm32cube.ide.mcu.externaltools.gnu-tools-for-stm32.9-2020-q2-update.win32_2.0.0.202105311346/tools/bin/../lib/gcc/arm-none-eabi/9.3.1/../../../../arm-none-eabi/lib/thumb/v6-m/nofp\libc_nano.a(lib_a-sbrkr.o)
                0x00000000080058f0                _sbrk_r
 .text._raise_r
                0x0000000008005914       0x54 c:/st/stm32cubeide_1.1.0/stm32cubeide/plugins/com.st.stm32cube.ide.mcu.externaltools.gnu-tools-for-stm32.9-2020-q2-update.win32_2.0.0.202105311346/tools/bin/../lib/gcc/arm-none-eabi/9.3.1/../../../../arm-none-eabi/lib/thumb/v6-m/nofp\libc_nano.a(lib_a-signal.o)
                0x0000000008005914                _raise_r
 .text.raise    0x0000000008005968       0x14 c:/st/stm32cubeide_1.1.0/stm32cubeide/plugins/com.st.stm32cube.ide.mcu.externaltools.gnu-tools-for-stm32.9-2020-q2-update.win32_2.0.0.202105311346/tools/bin/../lib/gcc/arm-none-eabi/9.3.1/../../../../arm-none-eabi/lib/thumb/v6-m/nofp\libc_nano.a(lib_a-signal.o)
                0x0000000008005968                raise
 .text._kill_r  0x000000000800597c       0x24 c:/st/stm32cubeide_1.1.0/stm32cubeide/plugins/com.st.stm32cube.ide.mcu.externaltools.gnu-tools-for-stm32.9-2020-q2-update.win32_2.0.0.202105311346/tools/bin/../lib/gcc/arm-none-eabi/9.3.1/../../../../arm-none-eabi/lib/thumb/v6-m/nofp\libc_nano.a(lib_a-signalr.o)
                0x000000000800597c                _kill_r
 .text._getpid_r
                0x00000000080059a0        0x8 c:/st/stm32cubeide_1.1.0/stm32cubeide/plugins/com.st.stm32cube.ide.mcu.externaltools.gnu-tools-for-stm32.9-2020-q2-update.win32_2.0.0.202105311346/tools/bin/../lib/gcc/arm-none-eabi/9.3.1/../../../../arm-none-eabi/lib/thumb/v6-m/nofp\libc_nano.a(lib_a-signalr.o)
                0x00000000080059a0                _getpid_r
 .text.__malloc_lock
                0x00000000080059a8       0x10 c:/st/stm32cubeide_1.1.0/stm32cubeide/plugins/com.st.stm32cube.ide.mcu.externaltools.gnu-tools-for-stm32.9-2020-q2-update.win32_2.0.0.202105311346/tools/bin/../lib/gcc/arm-none-eabi/9.3.1/../../../../arm-none-eabi/lib/thumb/v6-m/nofp\libc_nano.a(lib_a-mlock.o)
                0x00000000080059a8                __malloc_lock
 .text.__malloc_unlock
                0x00000000080059b8       0x10 c:/st/stm32cubeide_1.1.0/stm32cubeide/plugins/com.st.stm32cube.ide.mcu.externaltools.gnu-tools-for-stm32.9-2020-q2-update.win32_2.0.0.202105311346/tools/bin/../lib/gcc/arm-none-eabi/9.3.1/../../../../arm-none-eabi/lib/thumb/v6-m/nofp\libc_nano.a(lib_a-mlock.o)
                0x00000000080059b8                __malloc_unlock
 *(.glue_7)
 .glue_7        0x00000000080059c8        0x0 linker stubs
 *(.glue_7t)
 .glue_7t       0x00000000080059c8        0x0 linker stubs
 *(.eh_frame)
 .eh_frame      0x00000000080059c8        0x0 c:/st/stm32cubeide_1.1.0/stm32cubeide/plugins/com.st.stm32cube.ide.mcu.externaltools.gnu-tools-for-stm32.9-2020-q2-update.win32_2.0.0.202105311346/tools/bin/../lib/gcc/arm-none-eabi/9.3.1/thumb/v6-m/nofp/crtbegin.o
 *(.init)
 .init          0x00000000080059c8        0x4 c:/st/stm32cubeide_1.1.0/stm32cubeide/plugins/com.st.stm32cube.ide.mcu.externaltools.gnu-tools-for-stm32.9-2020-q2-update.win32_2.0.0.202105311346/tools/bin/../lib/gcc/arm-none-eabi/9.3.1/thumb/v6-m/nofp/crti.o
                0x00000000080059c8                _init
 .init          0x00000000080059cc        0x8 c:/st/stm32cubeide_1.1.0/stm32cubeide/plugins/com.st.stm32cube.ide.mcu.externaltools.gnu-tools-for-stm32.9-2020-q2-update.win32_2.0.0.202105311346/tools/bin/../lib/gcc/arm-none-eabi/9.3.1/thumb/v6-m/nofp/crtn.o
 *(.fini)
 .fini          0x00000000080059d4        0x4 c:/st/stm32cubeide_1.1.0/stm32cubeide/plugins/com.st.stm32cube.ide.mcu.externaltools.gnu-tools-for-stm32.9-2020-q2-update.win32_2.0.0.202105311346/tools/bin/../lib/gcc/arm-none-eabi/9.3.1/thumb/v6-m/nofp/crti.o
                0x00000000080059d4                _fini
 .fini          0x00000000080059d8        0x8 c:/st/stm32cubeide_1.1.0/stm32cubeide/plugins/com.st.stm32cube.ide.mcu.externaltools.gnu-tools-for-stm32.9-2020-q2-update.win32_2.0.0.202105311346/tools/bin/../lib/gcc/arm-none-eabi/9.3.1/thumb/v6-m/nofp/crtn.o
                0x00000000080059e0                . = ALIGN (0x4)
                0x00000000080059e0                _etext = .

.vfp11_veneer   0x00000000080059e0        0x0
 .vfp11_veneer  0x00000000080059e0        0x0 linker stubs

.v4_bx          0x00000000080059e0        0x0
 .v4_bx         0x00000000080059e0        0x0 linker stubs

.iplt           0x00000000080059e0        0x0
 .iplt          0x00000000080059e0        0x0 c:/st/stm32cubeide_1.1.0/stm32cubeide/plugins/com.st.stm32cube.ide.mcu.externaltools.gnu-tools-for-stm32.9-2020-q2-update.win32_2.0.0.202105311346/tools/bin/../lib/gcc/arm-none-eabi/9.3.1/thumb/v6-m/nofp/crtbegin.o

.rodata         0x00000000080059e0      0x870
                0x00000000080059e0                . = ALIGN (0x4)
 *(.rodata)
 *(.rodata*)
 .rodata.str1.1
                0x00000000080059e0       0x12 ./Core/Src/main.o
 *fill*         0x00000000080059f2        0x2 
 .rodata.Blink_attributes
                0x00000000080059f4       0x24 ./Core/Src/main.o
                0x00000000080059f4                Blink_attributes
 .rodata.defaultTask_attributes
                0x0000000008005a18       0x24 ./Core/Src/main.o
                0x0000000008005a18                defaultTask_attributes
 .rodata.AHBPrescTable
                0x0000000008005a3c       0x10 ./Core/Src/system_stm32f0xx.o
                0x0000000008005a3c                AHBPrescTable
 .rodata.APBPrescTable
                0x0000000008005a4c        0x8 ./Core/Src/system_stm32f0xx.o
                0x0000000008005a4c                APBPrescTable
 .rodata._GLOBAL__sub_I_Controller.str1.1
                0x0000000008005a54       0xa6 ./Core/Src/user.o
 .rodata.CPP_UserSetup.str1.1
                0x0000000008005afa        0xf ./Core/Src/user.o
 .rodata.str1.1
                0x0000000008005b09        0xb ./Core/Src/user.o
 .rodata.HAL_RCC_GetSysClockFreq.str1.1
                0x0000000008005b14       0x22 ./Drivers/STM32F0xx_HAL_Driver/Src/stm32f0xx_hal_rcc.o
 .rodata._ZN11SolarGators11DataModules8SteeringC2Ev.str1.1
                0x0000000008005b36        0x4 ./Drivers/SolarGatorsBSP/DataModules/src/Steering.o
 *fill*         0x0000000008005b3a        0x2 
 .rodata._ZTVN11SolarGators11DataModules10DataModuleE
                0x0000000008005b3c       0x18 ./Drivers/SolarGatorsBSP/DataModules/src/Steering.o
                0x0000000008005b3c                vtable for SolarGators::DataModules::DataModule
 .rodata._ZTVN11SolarGators11DataModules8SteeringE
                0x0000000008005b54       0x18 ./Drivers/SolarGatorsBSP/DataModules/src/Steering.o
                0x0000000008005b54                vtable for SolarGators::DataModules::Steering
 .rodata._ZN11SolarGators11DataModules18SteeringControllerC2Ev.str1.1
                0x0000000008005b6c       0x1c ./Drivers/SolarGatorsBSP/DataModules/src/SteeringController.o
 .rodata._ZTVN11SolarGators11DataModules18SteeringControllerE
                0x0000000008005b88       0x18 ./Drivers/SolarGatorsBSP/DataModules/src/SteeringController.o
                0x0000000008005b88                vtable for SolarGators::DataModules::SteeringController
 .rodata._ZL8AsciiLib
                0x0000000008005ba0      0x5f0 ./Drivers/SolarGatorsBSP/Drivers/src/AsciiLib.o
 .rodata._ZN11SolarGators7Drivers9CANDriverC2ER19__CAN_HandleTypeDefm.str1.1
                0x0000000008006190       0x1b ./Drivers/SolarGatorsBSP/Drivers/src/CAN.o
 *fill*         0x00000000080061ab        0x1 
 .rodata._ZTVN11SolarGators7Drivers9CANDriverE
                0x00000000080061ac       0x10 ./Drivers/SolarGatorsBSP/Drivers/src/CAN.o
                0x00000000080061ac                vtable for SolarGators::Drivers::CANDriver
 .rodata._ZTV5HY28b
                0x00000000080061bc       0x10 ./Drivers/SolarGatorsBSP/Drivers/src/HY28b.o
                0x00000000080061bc                vtable for HY28b
 .rodata._ZTVN11SolarGators7Drivers3LEDE
                0x00000000080061cc       0x10 ./Drivers/SolarGatorsBSP/Drivers/src/LED.o
                0x00000000080061cc                vtable for SolarGators::Drivers::LED
 .rodata.vTaskStartScheduler.str1.1
                0x00000000080061dc        0x5 ./Middlewares/Third_Party/FreeRTOS/Source/tasks.o
 .rodata.prvCheckForValidListAndQueue.str1.1
                0x00000000080061e1        0x5 ./Middlewares/Third_Party/FreeRTOS/Source/timers.o
 .rodata.xTimerCreateTimerTask.str1.1
                0x00000000080061e6        0x8 ./Middlewares/Third_Party/FreeRTOS/Source/timers.o
 *fill*         0x00000000080061ee        0x2 
 .rodata.__sf_fake_stderr
                0x00000000080061f0       0x20 c:/st/stm32cubeide_1.1.0/stm32cubeide/plugins/com.st.stm32cube.ide.mcu.externaltools.gnu-tools-for-stm32.9-2020-q2-update.win32_2.0.0.202105311346/tools/bin/../lib/gcc/arm-none-eabi/9.3.1/../../../../arm-none-eabi/lib/thumb/v6-m/nofp\libc_nano.a(lib_a-findfp.o)
                0x00000000080061f0                __sf_fake_stderr
 .rodata.__sf_fake_stdin
                0x0000000008006210       0x20 c:/st/stm32cubeide_1.1.0/stm32cubeide/plugins/com.st.stm32cube.ide.mcu.externaltools.gnu-tools-for-stm32.9-2020-q2-update.win32_2.0.0.202105311346/tools/bin/../lib/gcc/arm-none-eabi/9.3.1/../../../../arm-none-eabi/lib/thumb/v6-m/nofp\libc_nano.a(lib_a-findfp.o)
                0x0000000008006210                __sf_fake_stdin
 .rodata.__sf_fake_stdout
                0x0000000008006230       0x20 c:/st/stm32cubeide_1.1.0/stm32cubeide/plugins/com.st.stm32cube.ide.mcu.externaltools.gnu-tools-for-stm32.9-2020-q2-update.win32_2.0.0.202105311346/tools/bin/../lib/gcc/arm-none-eabi/9.3.1/../../../../arm-none-eabi/lib/thumb/v6-m/nofp\libc_nano.a(lib_a-findfp.o)
                0x0000000008006230                __sf_fake_stdout
                0x0000000008006250                . = ALIGN (0x4)

.rel.dyn        0x0000000008006250        0x0
 .rel.iplt      0x0000000008006250        0x0 c:/st/stm32cubeide_1.1.0/stm32cubeide/plugins/com.st.stm32cube.ide.mcu.externaltools.gnu-tools-for-stm32.9-2020-q2-update.win32_2.0.0.202105311346/tools/bin/../lib/gcc/arm-none-eabi/9.3.1/thumb/v6-m/nofp/crtbegin.o

.ARM.extab      0x0000000008006250        0x0
                0x0000000008006250                . = ALIGN (0x4)
 *(.ARM.extab* .gnu.linkonce.armextab.*)
                0x0000000008006250                . = ALIGN (0x4)

.ARM            0x0000000008006250        0x0
                0x0000000008006250                . = ALIGN (0x4)
                0x0000000008006250                __exidx_start = .
 *(.ARM.exidx*)
                0x0000000008006250                __exidx_end = .
                0x0000000008006250                . = ALIGN (0x4)

.preinit_array  0x0000000008006250        0x0
                0x0000000008006250                . = ALIGN (0x4)
                0x0000000008006250                PROVIDE (__preinit_array_start = .)
 *(.preinit_array*)
                0x0000000008006250                PROVIDE (__preinit_array_end = .)
                0x0000000008006250                . = ALIGN (0x4)

.init_array     0x0000000008006250        0x8
                0x0000000008006250                . = ALIGN (0x4)
                0x0000000008006250                PROVIDE (__init_array_start = .)
 *(SORT_BY_NAME(.init_array.*))
 *(.init_array*)
 .init_array    0x0000000008006250        0x4 c:/st/stm32cubeide_1.1.0/stm32cubeide/plugins/com.st.stm32cube.ide.mcu.externaltools.gnu-tools-for-stm32.9-2020-q2-update.win32_2.0.0.202105311346/tools/bin/../lib/gcc/arm-none-eabi/9.3.1/thumb/v6-m/nofp/crtbegin.o
 .init_array    0x0000000008006254        0x4 ./Core/Src/user.o
                0x0000000008006258                PROVIDE (__init_array_end = .)
                0x0000000008006258                . = ALIGN (0x4)

.fini_array     0x0000000008006258        0x8
                0x0000000008006258                . = ALIGN (0x4)
                [!provide]                        PROVIDE (__fini_array_start = .)
 *(SORT_BY_NAME(.fini_array.*))
 *(.fini_array*)
 .fini_array    0x0000000008006258        0x4 c:/st/stm32cubeide_1.1.0/stm32cubeide/plugins/com.st.stm32cube.ide.mcu.externaltools.gnu-tools-for-stm32.9-2020-q2-update.win32_2.0.0.202105311346/tools/bin/../lib/gcc/arm-none-eabi/9.3.1/thumb/v6-m/nofp/crtbegin.o
 .fini_array    0x000000000800625c        0x4 ./Core/Src/user.o
                [!provide]                        PROVIDE (__fini_array_end = .)
                0x0000000008006260                . = ALIGN (0x4)
                0x0000000008006260                _sidata = LOADADDR (.data)

.data           0x0000000020000000       0x84 load address 0x0000000008006260
                0x0000000020000000                . = ALIGN (0x4)
                0x0000000020000000                _sdata = .
 *(.data)
 *(.data*)
 .data.SystemCoreClock
                0x0000000020000000        0x4 ./Core/Src/system_stm32f0xx.o
                0x0000000020000000                SystemCoreClock
 .data.signal_timer_attr
                0x0000000020000004       0x10 ./Core/Src/user.o
                0x0000000020000004                signal_timer_attr
 .data.uwTickFreq
                0x0000000020000014        0x1 ./Drivers/STM32F0xx_HAL_Driver/Src/stm32f0xx_hal.o
                0x0000000020000014                uwTickFreq
 *fill*         0x0000000020000015        0x3 
 .data.uxCriticalNesting
                0x0000000020000018        0x4 ./Middlewares/Third_Party/FreeRTOS/Source/portable/GCC/ARM_CM0/port.o
 .data._ZN10__cxxabiv119__terminate_handlerE
                0x000000002000001c        0x4 c:/st/stm32cubeide_1.1.0/stm32cubeide/plugins/com.st.stm32cube.ide.mcu.externaltools.gnu-tools-for-stm32.9-2020-q2-update.win32_2.0.0.202105311346/tools/bin/../lib/gcc/arm-none-eabi/9.3.1/../../../../arm-none-eabi/lib/thumb/v6-m/nofp\libstdc++_nano.a(eh_term_handler.o)
                0x000000002000001c                __cxxabiv1::__terminate_handler
 .data._impure_ptr
                0x0000000020000020        0x4 c:/st/stm32cubeide_1.1.0/stm32cubeide/plugins/com.st.stm32cube.ide.mcu.externaltools.gnu-tools-for-stm32.9-2020-q2-update.win32_2.0.0.202105311346/tools/bin/../lib/gcc/arm-none-eabi/9.3.1/../../../../arm-none-eabi/lib/thumb/v6-m/nofp\libc_nano.a(lib_a-impure.o)
                0x0000000020000020                _impure_ptr
 .data.impure_data
                0x0000000020000024       0x60 c:/st/stm32cubeide_1.1.0/stm32cubeide/plugins/com.st.stm32cube.ide.mcu.externaltools.gnu-tools-for-stm32.9-2020-q2-update.win32_2.0.0.202105311346/tools/bin/../lib/gcc/arm-none-eabi/9.3.1/../../../../arm-none-eabi/lib/thumb/v6-m/nofp\libc_nano.a(lib_a-impure.o)
 *(.RamFunc)
 *(.RamFunc*)
                0x0000000020000084                . = ALIGN (0x4)
                0x0000000020000084                _edata = .

.igot.plt       0x0000000020000084        0x0 load address 0x00000000080062e4
 .igot.plt      0x0000000020000084        0x0 c:/st/stm32cubeide_1.1.0/stm32cubeide/plugins/com.st.stm32cube.ide.mcu.externaltools.gnu-tools-for-stm32.9-2020-q2-update.win32_2.0.0.202105311346/tools/bin/../lib/gcc/arm-none-eabi/9.3.1/thumb/v6-m/nofp/crtbegin.o
                0x0000000020000084                . = ALIGN (0x4)

.bss            0x0000000020000084     0x2cf0 load address 0x00000000080062e4
                0x0000000020000084                _sbss = .
                0x0000000020000084                __bss_start__ = _sbss
 *(.bss)
 .bss           0x0000000020000084       0x1c c:/st/stm32cubeide_1.1.0/stm32cubeide/plugins/com.st.stm32cube.ide.mcu.externaltools.gnu-tools-for-stm32.9-2020-q2-update.win32_2.0.0.202105311346/tools/bin/../lib/gcc/arm-none-eabi/9.3.1/thumb/v6-m/nofp/crtbegin.o
 *(.bss*)
 .bss.__sbrk_heap_end
                0x00000000200000a0        0x4 ./Core/Src/sysmem.o
 .bss.CANController
                0x00000000200000a4      0x1f4 ./Core/Src/user.o
                0x00000000200000a4                CANController
 .bss.Controller
                0x0000000020000298      0x540 ./Core/Src/user.o
                0x0000000020000298                Controller
 .bss.cr_indicator
                0x00000000200007d8       0x14 ./Core/Src/user.o
                0x00000000200007d8                cr_indicator
 .bss.cruise    0x00000000200007ec       0x2c ./Core/Src/user.o
                0x00000000200007ec                cruise
 .bss.cruise_minus
                0x0000000020000818       0x2c ./Core/Src/user.o
                0x0000000020000818                cruise_minus
 .bss.cruise_plus
                0x0000000020000844       0x2c ./Core/Src/user.o
                0x0000000020000844                cruise_plus
 .bss.display_h
                0x0000000020000870        0x4 ./Core/Src/user.o
                0x0000000020000870                display_h
 .bss.eco       0x0000000020000874       0x2c ./Core/Src/user.o
                0x0000000020000874                eco
 .bss.eco_indicator
                0x00000000200008a0       0x14 ./Core/Src/user.o
                0x00000000200008a0                eco_indicator
 .bss.hazards   0x00000000200008b4       0x2c ./Core/Src/user.o
                0x00000000200008b4                hazards
 .bss.headlights
                0x00000000200008e0       0x2c ./Core/Src/user.o
                0x00000000200008e0                headlights
 .bss.hl_indicator